Component: ARM Compiler 5.06 update 7 (build 960) Tool: armlink [4d3601]

==============================================================================

Section Cross References

    startup_stm32f103xb.o(STACK) refers (Special) to heapauxi.o(.text) for __use_two_region_memory
    startup_stm32f103xb.o(HEAP) refers (Special) to heapauxi.o(.text) for __use_two_region_memory
    startup_stm32f103xb.o(RESET) refers (Special) to heapauxi.o(.text) for __use_two_region_memory
    startup_stm32f103xb.o(RESET) refers to startup_stm32f103xb.o(STACK) for __initial_sp
    startup_stm32f103xb.o(RESET) refers to startup_stm32f103xb.o(.text) for Reset_Handler
    startup_stm32f103xb.o(RESET) refers to stm32f1xx_it.o(i.NMI_Handler) for NMI_Handler
    startup_stm32f103xb.o(RESET) refers to stm32f1xx_it.o(i.HardFault_Handler) for HardFault_Handler
    startup_stm32f103xb.o(RESET) refers to stm32f1xx_it.o(i.MemManage_Handler) for MemManage_Handler
    startup_stm32f103xb.o(RESET) refers to stm32f1xx_it.o(i.BusFault_Handler) for BusFault_Handler
    startup_stm32f103xb.o(RESET) refers to stm32f1xx_it.o(i.UsageFault_Handler) for UsageFault_Handler
    startup_stm32f103xb.o(RESET) refers to stm32f1xx_it.o(i.SVC_Handler) for SVC_Handler
    startup_stm32f103xb.o(RESET) refers to stm32f1xx_it.o(i.DebugMon_Handler) for DebugMon_Handler
    startup_stm32f103xb.o(RESET) refers to stm32f1xx_it.o(i.PendSV_Handler) for PendSV_Handler
    startup_stm32f103xb.o(RESET) refers to stm32f1xx_it.o(i.SysTick_Handler) for SysTick_Handler
    startup_stm32f103xb.o(RESET) refers to stm32f1xx_it.o(i.EXTI0_IRQHandler) for EXTI0_IRQHandler
    startup_stm32f103xb.o(RESET) refers to stm32f1xx_it.o(i.DMA1_Channel2_IRQHandler) for DMA1_Channel2_IRQHandler
    startup_stm32f103xb.o(RESET) refers to stm32f1xx_it.o(i.USART2_IRQHandler) for USART2_IRQHandler
    startup_stm32f103xb.o(.text) refers (Special) to heapauxi.o(.text) for __use_two_region_memory
    startup_stm32f103xb.o(.text) refers to system_stm32f1xx.o(i.SystemInit) for SystemInit
    startup_stm32f103xb.o(.text) refers to __main.o(!!!main) for __main
    startup_stm32f103xb.o(.text) refers to startup_stm32f103xb.o(HEAP) for Heap_Mem
    startup_stm32f103xb.o(.text) refers to startup_stm32f103xb.o(STACK) for Stack_Mem
    servo.o(i.servo1Write) refers to f2d.o(x$fpl$f2d) for __aeabi_f2d
    servo.o(i.servo1Write) refers to dmul.o(x$fpl$dmul) for __aeabi_dmul
    servo.o(i.servo1Write) refers to daddsub_clz.o(x$fpl$dadd) for __aeabi_dadd
    servo.o(i.servo1Write) refers to ddiv.o(x$fpl$ddiv) for __aeabi_ddiv
    servo.o(i.servo1Write) refers to d2f.o(x$fpl$d2f) for __aeabi_d2f
    servo.o(i.servo2Write) refers to f2d.o(x$fpl$f2d) for __aeabi_f2d
    servo.o(i.servo2Write) refers to dmul.o(x$fpl$dmul) for __aeabi_dmul
    servo.o(i.servo2Write) refers to daddsub_clz.o(x$fpl$dadd) for __aeabi_dadd
    servo.o(i.servo2Write) refers to ddiv.o(x$fpl$ddiv) for __aeabi_ddiv
    servo.o(i.servo2Write) refers to d2f.o(x$fpl$d2f) for __aeabi_d2f
    main.o(i.HAL_GPIO_EXTI_Callback) refers to main.o(.data) for .data
    main.o(i.MX_TIM1_Init) refers to rt_memclr_w.o(.text) for __aeabi_memclr4
    main.o(i.MX_TIM1_Init) refers to stm32f1xx_hal_tim.o(i.HAL_TIM_Base_Init) for HAL_TIM_Base_Init
    main.o(i.MX_TIM1_Init) refers to stm32f1xx_hal_tim.o(i.HAL_TIM_ConfigClockSource) for HAL_TIM_ConfigClockSource
    main.o(i.MX_TIM1_Init) refers to stm32f1xx_hal_tim.o(i.HAL_TIM_PWM_Init) for HAL_TIM_PWM_Init
    main.o(i.MX_TIM1_Init) refers to stm32f1xx_hal_tim_ex.o(i.HAL_TIMEx_MasterConfigSynchronization) for HAL_TIMEx_MasterConfigSynchronization
    main.o(i.MX_TIM1_Init) refers to stm32f1xx_hal_tim.o(i.HAL_TIM_PWM_ConfigChannel) for HAL_TIM_PWM_ConfigChannel
    main.o(i.MX_TIM1_Init) refers to stm32f1xx_hal_tim_ex.o(i.HAL_TIMEx_ConfigBreakDeadTime) for HAL_TIMEx_ConfigBreakDeadTime
    main.o(i.MX_TIM1_Init) refers to stm32f1xx_hal_msp.o(i.HAL_TIM_MspPostInit) for HAL_TIM_MspPostInit
    main.o(i.MX_TIM1_Init) refers to main.o(.bss) for .bss
    main.o(i.Run) refers to faddsub_clz.o(x$fpl$fsub) for __aeabi_fsub
    main.o(i.Run) refers to f2d.o(x$fpl$f2d) for __aeabi_f2d
    main.o(i.Run) refers to daddsub_clz.o(x$fpl$dadd) for __aeabi_dadd
    main.o(i.Run) refers to d2f.o(x$fpl$d2f) for __aeabi_d2f
    main.o(i.Run) refers to frleqf.o(x$fpl$frleqf) for __aeabi_cfrcmple
    main.o(i.Run) refers to servo.o(i.servo1Write) for servo1Write
    main.o(i.Run) refers to ffixu.o(x$fpl$ffixu) for __aeabi_f2uiz
    main.o(i.Run) refers to daddsub_clz.o(x$fpl$dsub) for __aeabi_dsub
    main.o(i.Run) refers to fleqf.o(x$fpl$fleqf) for __aeabi_cfcmple
    main.o(i.Run) refers to servo.o(i.servo2Write) for servo2Write
    main.o(i.Run) refers to stm32f1xx_hal.o(i.HAL_Delay) for HAL_Delay
    main.o(i.Run) refers to faddsub_clz.o(x$fpl$frsb) for __aeabi_frsub
    main.o(i.Run) refers to main.o(.data) for .data
[...]
    x$fpl$d2f                                0x08005f6c   Section       98  d2f.o(x$fpl$d2f)
    x$fpl$dadd                               0x08005fd0   Section      336  daddsub_clz.o(x$fpl$dadd)
    _dadd1                                   0x08005fe1   Thumb Code     0  daddsub_clz.o(x$fpl$dadd)
    x$fpl$dcheck1                            0x08006120   Section       16  dcheck1.o(x$fpl$dcheck1)
    x$fpl$dcmpinf                            0x08006130   Section       24  dcmpi.o(x$fpl$dcmpinf)
    x$fpl$ddiv                               0x08006148   Section      688  ddiv.o(x$fpl$ddiv)
    ddiv_entry                               0x0800614f   Thumb Code     0  ddiv.o(x$fpl$ddiv)
    x$fpl$deqf                               0x080063f8   Section      120  deqf.o(x$fpl$deqf)
    x$fpl$dfix                               0x08006470   Section       94  dfix.o(x$fpl$dfix)
    x$fpl$dflt                               0x080064ce   Section       46  dflt_clz.o(x$fpl$dflt)
    x$fpl$dfltu                              0x080064fc   Section       38  dflt_clz.o(x$fpl$dfltu)
    x$fpl$dleqf                              0x08006524   Section      120  dleqf.o(x$fpl$dleqf)
    x$fpl$dmul                               0x0800659c   Section      340  dmul.o(x$fpl$dmul)
    x$fpl$dnaninf                            0x080066f0   Section      156  dnaninf.o(x$fpl$dnaninf)
    x$fpl$dretinf                            0x0800678c   Section       12  dretinf.o(x$fpl$dretinf)
    x$fpl$drleqf                             0x08006798   Section      108  drleqf.o(x$fpl$drleqf)
    x$fpl$drnd                               0x08006804   Section      180  drnd.o(x$fpl$drnd)
    x$fpl$drsb                               0x080068b8   Section       22  daddsub_clz.o(x$fpl$drsb)
    x$fpl$dsqrt                              0x080068d0   Section      460  dsqrt_noumaal.o(x$fpl$dsqrt)
    x$fpl$dsub                               0x08006a9c   Section      468  daddsub_clz.o(x$fpl$dsub)
    _dsub1                                   0x08006aad   Thumb Code     0  daddsub_clz.o(x$fpl$dsub)
    x$fpl$f2d                                0x08006c70   Section       86  f2d.o(x$fpl$f2d)
    x$fpl$fadd                               0x08006cc8   Section      196  faddsub_clz.o(x$fpl$fadd)
    _fadd1                                   0x08006cd7   Thumb Code     0  faddsub_clz.o(x$fpl$fadd)
    x$fpl$fcmpinf                            0x08006d8c   Section       24  fcmpi.o(x$fpl$fcmpinf)
    x$fpl$fdiv                               0x08006da4   Section      388  fdiv.o(x$fpl$fdiv)
    _fdiv1                                   0x08006da5   Thumb Code     0  fdiv.o(x$fpl$fdiv)
    x$fpl$ffixu                              0x08006f28   Section       62  ffixu.o(x$fpl$ffixu)
    x$fpl$fleqf                              0x08006f68   Section      104  fleqf.o(x$fpl$fleqf)
    x$fpl$fmul                               0x08006fd0   Section      258  fmul.o(x$fpl$fmul)
    x$fpl$fnaninf                            0x080070d2   Section      140  fnaninf.o(x$fpl$fnaninf)
    x$fpl$fretinf                            0x0800715e   Section       10  fretinf.o(x$fpl$fretinf)
    x$fpl$frleqf                             0x08007168   Section       98  frleqf.o(x$fpl$frleqf)
    x$fpl$frsb                               0x080071ca   Section       20  faddsub_clz.o(x$fpl$frsb)
    x$fpl$fsub                               0x080071e0   Section      234  faddsub_clz.o(x$fpl$fsub)
    _fsub1                                   0x080071ef   Thumb Code     0  faddsub_clz.o(x$fpl$fsub)
    x$fpl$ieeestatus                         0x080072ca   Section        6  istatus.o(x$fpl$ieeestatus)
    x$fpl$printf1                            0x080072d0   Section        4  printf1.o(x$fpl$printf1)
    x$fpl$retnan                             0x080072d4   Section      100  retnan.o(x$fpl$retnan)
    x$fpl$scalbn                             0x08007338   Section       92  scalbn.o(x$fpl$scalbn)
    x$fpl$scanf1                             0x08007394   Section        4  scanf1.o(x$fpl$scanf1)
    x$fpl$scanf2                             0x08007398   Section        8  scanf2.o(x$fpl$scanf2)
    x$fpl$trapveneer                         0x080073a0   Section       48  trapv.o(x$fpl$trapveneer)
    .constdata                               0x080073d0   Section       10  main.o(.constdata)
    x$fpl$usenofp                            0x080073d0   Section        0  usenofp.o(x$fpl$usenofp)
    .constdata                               0x080073da   Section       18  stm32f1xx_hal_rcc.o(.constdata)
    aPredivFactorTable                       0x080073da   Data           2  stm32f1xx_hal_rcc.o(.constdata)
    aPLLMULFactorTable                       0x080073dc   Data          16  stm32f1xx_hal_rcc.o(.constdata)
    .constdata                               0x080073ec   Section       16  system_stm32f1xx.o(.constdata)
    .constdata                               0x080073fc   Section        8  system_stm32f1xx.o(.constdata)
    .constdata                               0x08007408   Section       80  acos.o(.constdata)
    pS                                       0x08007408   Data          48  acos.o(.constdata)
    qS                                       0x08007438   Data          32  acos.o(.constdata)
    .constdata                               0x08007458   Section      152  atan.o(.constdata)
    atanhi                                   0x08007458   Data          32  atan.o(.constdata)
    atanlo                                   0x08007478   Data          32  atan.o(.constdata)
    aTodd                                    0x08007498   Data          40  atan.o(.constdata)
    aTeven                                   0x080074c0   Data          48  atan.o(.constdata)
    .constdata                               0x080074f0   Section      136  pow.o(.constdata)
    bp                                       0x080074f0   Data          16  pow.o(.constdata)
    dp_h                                     0x08007500   Data          16  pow.o(.constdata)
    dp_l                                     0x08007510   Data          16  pow.o(.constdata)
    L                                        0x08007520   Data          48  pow.o(.constdata)
    P                                        0x08007550   Data          40  pow.o(.constdata)
    .constdata                               0x08007578   Section       48  cos_i.o(.constdata)
    C                                        0x08007578   Data          48  cos_i.o(.constdata)
    .constdata                               0x080075a8   Section        8  qnan.o(.constdata)
    .constdata                               0x080075b0   Section      200  rred.o(.constdata)
    pio2s                                    0x080075b0   Data          48  rred.o(.constdata)
    twooverpi                                0x080075e0   Data         152  rred.o(.constdata)
    .constdata                               0x08007678   Section       40  sin_i.o(.constdata)
    S                                        0x08007678   Data          40  sin_i.o(.constdata)
    .constdata                               0x080076a0   Section      148  bigflt0.o(.constdata)
    tenpwrs_x                                0x080076a0   Data          60  bigflt0.o(.constdata)
    tenpwrs_i                                0x080076dc   Data          64  bigflt0.o(.constdata)
    c$$dinf                                  0x08007754   Section        8  fpconst.o(c$$dinf)
    c$$dmax                                  0x0800775c   Section        8  fpconst.o(c$$dmax)
    locale$$data                             0x08007764   Section       28  lc_numeric_c.o(locale$$data)
    __lcnum_c_name                           0x08007768   Data           2  lc_numeric_c.o(locale$$data)
    __lcnum_c_start                          0x08007770   Data           0  lc_numeric_c.o(locale$$data)
    __lcnum_c_point                          0x0800777c   Data           0  lc_numeric_c.o(locale$$data)
    __lcnum_c_thousands                      0x0800777e   Data           0  lc_numeric_c.o(locale$$data)
    __lcnum_c_grouping                       0x0800777f   Data           0  lc_numeric_c.o(locale$$data)
    locale$$data                             0x08007780   Section      272  lc_ctype_c.o(locale$$data)
    __lcnum_c_end                            0x08007780   Data           0  lc_numeric_c.o(locale$$data)
    __lcctype_c_name                         0x08007784   Data           2  lc_ctype_c.o(locale$$data)
    __lcctype_c_start                        0x0800778c   Data           0  lc_ctype_c.o(locale$$data)
    __lcctype_c_end                          0x08007890   Data           0  lc_ctype_c.o(locale$$data)
    .data                                    0x20000000   Section       56  main.o(.data)
    currentState                             0x20000001   Data           1  main.o(.data)
    .data                                    0x20000038   Section       12  stm32f1xx_hal.o(.data)
    .data                                    0x20000044   Section        4  system_stm32f1xx.o(.data)
    .bss                                     0x20000048   Section      158  main.o(.bss)
    .bss                                     0x200000e8   Section       68  main.o(.bss)
    .bss                                     0x2000012c   Section       96  libspace.o(.bss)
    HEAP                                     0x20000190   Section      512  startup_stm32f103xb.o(HEAP)
    Heap_Mem                                 0x20000190   Data         512  startup_stm32f103xb.o(HEAP)
    STACK                                    0x20000390   Section     1024  startup_stm32f103xb.o(STACK)
    Stack_Mem                                0x20000390   Data        1024  startup_stm32f103xb.o(STACK)
    __initial_sp                             0x20000790   Data           0  startup_stm32f103xb.o(STACK)

    Global Symbols

    Symbol Name                              Value     Ov Type        Size  Object(Section)

    BuildAttributes$$THM_ISAv4$P$D$K$B$S$PE$A:L22UL41UL21$X:L11$S22US41US21$IEEE1$IW$USESV6$~STKCKD$USESV7$~SHL$OTIME$ROPI$IEEEX$EBA8$UX$STANDARDLIB$REQ8$PRES8$EABIv2 0x00000000   Number         0  anon$$obj.o ABSOLUTE
    __ARM_use_no_argv                        0x00000000   Number         0  main.o ABSOLUTE
    _printf_flags                            0x00000000   Number         0  printf_stubs.o ABSOLUTE
    _printf_return_value                     0x00000000   Number         0  printf_stubs.o ABSOLUTE
    _printf_sizespec                         0x00000000   Number         0  printf_stubs.o ABSOLUTE
    _printf_widthprec                        0x00000000   Number         0  printf_stubs.o ABSOLUTE
    __ARM_exceptions_init                     - Undefined Weak Reference
    __alloca_initialize                       - Undefined Weak Reference
    __arm_fini_                               - Undefined Weak Reference
    __arm_preinit_                            - Undefined Weak Reference
    __cpp_initialize__aeabi_                  - Undefined Weak Reference
    __cxa_finalize                            - Undefined Weak Reference
    __sigvec_lookup                           - Undefined Weak Reference
    _atexit_init                              - Undefined Weak Reference
    _call_atexit_fns                          - Undefined Weak Reference
    _clock_init                               - Undefined Weak Reference
    _fp_trap_init                             - Undefined Weak Reference
    _fp_trap_shutdown                         - Undefined Weak Reference
    _get_lc_collate                           - Undefined Weak Reference
    _get_lc_monetary                          - Undefined Weak Reference
    _get_lc_time                              - Undefined Weak Reference
    _getenv_init                              - Undefined Weak Reference
    _handle_redirection                       - Undefined Weak Reference
    _init_alloc                               - Undefined Weak Reference
    _init_user_alloc                          - Undefined Weak Reference
    _initio                                   - Undefined Weak Reference
    _printf_post_padding                      - Undefined Weak Reference
    _printf_pre_padding                       - Undefined Weak Reference
    _rand_init                                - Undefined Weak Reference
    _scanf_int                                - Undefined Weak Reference
    _scanf_longlong                           - Undefined Weak Reference
    _scanf_mbtowc                             - Undefined Weak Reference
    _scanf_wctomb                             - Undefined Weak Reference
    _scanf_wstring                            - Undefined Weak Reference
    _signal_finish                            - Undefined Weak Reference
    _signal_init                              - Undefined Weak Reference
    _terminate_alloc                          - Undefined Weak Reference
    _terminate_user_alloc                     - Undefined Weak Reference
    _terminateio                              - Undefined Weak Reference
    __Vectors_Size                           0x000000ec   Number         0  startup_stm32f103xb.o ABSOLUTE
    __Vectors                                0x08000000   Data           4  startup_stm32f103xb.o(RESET)
    __Vectors_End                            0x080000ec   Data           0  startup_stm32f103xb.o(RESET)
    __main                                   0x080000ed   Thumb Code     8  __main.o(!!!main)
    __scatterload                            0x080000f5   Thumb Code     0  __scatter.o(!!!scatter)
    __scatterload_rt2                        0x080000f5   Thumb Code    44  __scatter.o(!!!scatter)
    __scatterload_rt2_thumb_only             0x080000f5   Thumb Code     0  __scatter.o(!!!scatter)
    __scatterload_null                       0x08000103   Thumb Code     0  __scatter.o(!!!scatter)
    __scatterload_copy                       0x08000129   Thumb Code    26  __scatter_copy.o(!!handler_copy)
    __scatterload_zeroinit                   0x08000145   Thumb Code    28  __scatter_zi.o(!!handler_zi)
    _printf_f                                0x08000161   Thumb Code     0  _printf_f.o(.ARM.Collect$$_printf_percent$$00000003)
    _printf_percent                          0x08000161   Thumb Code     0  _printf_percent.o(.ARM.Collect$$_printf_percent$$00000000)
    _printf_percent_end                      0x08000167   Thumb Code     0  _printf_percent_end.o(.ARM.Collect$$_printf_percent$$00000017)
    __rt_lib_init                            0x0800016b   Thumb Code     0  libinit.o(.ARM.Collect$$libinit$$00000000)
    __rt_lib_init_fp_1                       0x0800016d   Thumb Code     0  libinit2.o(.ARM.Collect$$libinit$$00000002)
    __rt_lib_init_heap_1                     0x0800016d   Thumb Code     0  libinit2.o(.ARM.Collect$$libinit$$0000000A)
    __rt_lib_init_lc_common                  0x0800016d   Thumb Code     0  libinit2.o(.ARM.Collect$$libinit$$0000000F)
    __rt_lib_init_preinit_1                  0x0800016d   Thumb Code     0  libinit2.o(.ARM.Collect$$libinit$$00000004)
    __rt_lib_init_rand_1                     0x0800016d   Thumb Code     0  libinit2.o(.ARM.Collect$$libinit$$0000000E)
    __rt_lib_init_user_alloc_1               0x0800016d   Thumb Code     0  libinit2.o(.ARM.Collect$$libinit$$0000000C)
    __rt_lib_init_lc_collate_1               0x08000173   Thumb Code     0  libinit2.o(.ARM.Collect$$libinit$$00000011)
    __rt_lib_init_lc_ctype_2                 0x08000173   Thumb Code     0  libinit2.o(.ARM.Collect$$libinit$$00000012)
    __rt_lib_init_lc_ctype_1                 0x0800017f   Thumb Code     0  libinit2.o(.ARM.Collect$$libinit$$00000013)
    __rt_lib_init_lc_monetary_1              0x0800017f   Thumb Code     0  libinit2.o(.ARM.Collect$$libinit$$00000015)
    __rt_lib_init_lc_numeric_2               0x0800017f   Thumb Code     0  libinit2.o(.ARM.Collect$$libinit$$00000016)
    __rt_lib_init_alloca_1                   0x08000189   Thumb Code     0  libinit2.o(.ARM.Collect$$libinit$$0000002E)
    __rt_lib_init_argv_1                     0x08000189   Thumb Code     0  libinit2.o(.ARM.Collect$$libinit$$0000002C)
    __rt_lib_init_atexit_1                   0x08000189   Thumb Code     0  libinit2.o(.ARM.Collect$$libinit$$0000001B)
    __rt_lib_init_clock_1                    0x08000189   Thumb Code     0  libinit2.o(.ARM.Collect$$libinit$$00000021)
    __rt_lib_init_cpp_1                      0x08000189   Thumb Code     0  libinit2.o(.ARM.Collect$$libinit$$00000032)
    __rt_lib_init_exceptions_1               0x08000189   Thumb Code     0  libinit2.o(.ARM.Collect$$libinit$$00000030)
    __rt_lib_init_fp_trap_1                  0x08000189   Thumb Code     0  libinit2.o(.ARM.Collect$$libinit$$0000001F)
    __rt_lib_init_getenv_1                   0x08000189   Thumb Code     0  libinit2.o(.ARM.Collect$$libinit$$00000023)
    __rt_lib_init_lc_numeric_1               0x08000189   Thumb Code     0  libinit2.o(.ARM.Collect$$libinit$$00000017)
    __rt_lib_init_lc_time_1                  0x08000189   Thumb Code     0  libinit2.o(.ARM.Collect$$libinit$$00000019)
    __rt_lib_init_return                     0x08000189   Thumb Code     0  libinit2.o(.ARM.Collect$$libinit$$00000033)
    __rt_lib_init_signal_1                   0x08000189   Thumb Code     0  libinit2.o(.ARM.Collect$$libinit$$0000001D)
    __rt_lib_init_stdio_1                    0x08000189   Thumb Code     0  libinit2.o(.ARM.Collect$$libinit$$00000025)
    __rt_lib_shutdown                        0x0800018b   Thumb Code     0  libshutdown.o(.ARM.Collect$$libshutdown$$00000000)
    __rt_lib_shutdown_cpp_1                  0x0800018d   Thumb Code     0  libshutdown2.o(.ARM.Collect$$libshutdown$$00000004)
    __rt_lib_shutdown_fini_1                 0x0800018d   Thumb Code     0  libshutdown2.o(.ARM.Collect$$libshutdown$$00000002)
    __rt_lib_shutdown_fp_trap_1              0x0800018d   Thumb Code     0  libshutdown2.o(.ARM.Collect$$libshutdown$$00000009)
    __rt_lib_shutdown_heap_1                 0x0800018d   Thumb Code     0  libshutdown2.o(.ARM.Collect$$libshutdown$$00000011)
    __rt_lib_shutdown_return                 0x0800018d   Thumb Code     0  libshutdown2.o(.ARM.Collect$$libshutdown$$00000012)
    __rt_lib_shutdown_signal_1               0x0800018d   Thumb Code     0  libshutdown2.o(.ARM.Collect$$libshutdown$$0000000C)
    __rt_lib_shutdown_stdio_1                0x0800018d   Thumb Code     0  libshutdown2.o(.ARM.Collect$$libshutdown$$00000006)
    __rt_lib_shutdown_user_alloc_1           0x0800018d   Thumb Code     0  libshutdown2.o(.ARM.Collect$$libshutdown$$0000000E)
    __rt_entry                               0x0800018f   Thumb Code     0  __rtentry.o(.ARM.Collect$$rtentry$$00000000)
    __rt_entry_presh_1                       0x0800018f   Thumb Code     0  __rtentry2.o(.ARM.Collect$$rtentry$$00000002)
    __rt_entry_sh                            0x0800018f   Thumb Code     0  __rtentry4.o(.ARM.Collect$$rtentry$$00000004)
    __rt_entry_li                            0x08000195   Thumb Code     0  __rtentry2.o(.ARM.Collect$$rtentry$$0000000A)
    __rt_entry_postsh_1                      0x08000195   Thumb Code     0  __rtentry2.o(.ARM.Collect$$rtentry$$00000009)
    __rt_entry_main                          0x08000199   Thumb Code     0  __rtentry2.o(.ARM.Collect$$rtentry$$0000000D)
    __rt_entry_postli_1                      0x08000199   Thumb Code     0  __rtentry2.o(.ARM.Collect$$rtentry$$0000000C)
    __rt_exit                                0x080001a1   Thumb Code     0  rtexit.o(.ARM.Collect$$rtexit$$00000000)
    __rt_exit_ls                             0x080001a3   Thumb Code     0  rtexit2.o(.ARM.Collect$$rtexit$$00000003)
    __rt_exit_prels_1                        0x080001a3   Thumb Code     0  rtexit2.o(.ARM.Collect$$rtexit$$00000002)
    __rt_exit_exit                           0x080001a7   Thumb Code     0  rtexit2.o(.ARM.Collect$$rtexit$$00000004)
    Reset_Handler                            0x080001ad   Thumb Code     8  startup_stm32f103xb.o(.text)
    ADC1_2_IRQHandler                        0x080001c7   Thumb Code     0  startup_stm32f103xb.o(.text)
    CAN1_RX1_IRQHandler                      0x080001c7   Thumb Code     0  startup_stm32f103xb.o(.text)
    CAN1_SCE_IRQHandler                      0x080001c7   Thumb Code     0  startup_stm32f103xb.o(.text)
    DMA1_Channel1_IRQHandler                 0x080001c7   Thumb Code     0  startup_stm32f103xb.o(.text)
    DMA1_Channel3_IRQHandler                 0x080001c7   Thumb Code     0  startup_stm32f103xb.o(.text)
    DMA1_Channel4_IRQHandler                 0x080001c7   Thumb Code     0  startup_stm32f103xb.o(.text)
    DMA1_Channel5_IRQHandler                 0x080001c7   Thumb Code     0  startup_stm32f103xb.o(.text)
    DMA1_Channel6_IRQHandler                 0x080001c7   Thumb Code     0  startup_stm32f103xb.o(.text)
    DMA1_Channel7_IRQHandler                 0x080001c7   Thumb Code     0  startup_stm32f103xb.o(.text)
    EXTI15_10_IRQHandler                     0x080001c7   Thumb Code     0  startup_stm32f103xb.o(.text)
    EXTI1_IRQHandler                         0x080001c7   Thumb Code     0  startup_stm32f103xb.o(.text)
    EXTI2_IRQHandler                         0x080001c7   Thumb Code     0  startup_stm32f103xb.o(.text)
    EXTI3_IRQHandler                         0x080001c7   Thumb Code     0  startup_stm32f103xb.o(.text)
    EXTI4_IRQHandler                         0x080001c7   Thumb Code     0  startup_stm32f103xb.o(.text)
    EXTI9_5_IRQHandler                       0x080001c7   Thumb Code     0  startup_stm32f103xb.o(.text)
    FLASH_IRQHandler                         0x080001c7   Thumb Code     0  startup_stm32f103xb.o(.text)
    I2C1_ER_IRQHandler                       0x080001c7   Thumb Code     0  startup_stm32f103xb.o(.text)
    I2C1_EV_IRQHandler                       0x080001c7   Thumb Code     0  startup_stm32f103xb.o(.text)
    I2C2_ER_IRQHandler                       0x080001c7   Thumb Code     0  startup_stm32f103xb.o(.text)
    I2C2_EV_IRQHandler                       0x080001c7   Thumb Code     0  startup_stm32f103xb.o(.text)
    PVD_IRQHandler                           0x080001c7   Thumb Code     0  startup_stm32f103xb.o(.text)
    RCC_IRQHandler                           0x080001c7   Thumb Code     0  startup_stm32f103xb.o(.text)
    RTC_Alarm_IRQHandler                     0x080001c7   Thumb Code     0  startup_stm32f103xb.o(.text)
    RTC_IRQHandler                           0x080001c7   Thumb Code     0  startup_stm32f103xb.o(.text)
    SPI1_IRQHandler                          0x080001c7   Thumb Code     0  startup_stm32f103xb.o(.text)
    SPI2_IRQHandler                          0x080001c7   Thumb Code     0  startup_stm32f103xb.o(.text)
    TAMPER_IRQHandler                        0x080001c7   Thumb Code     0  startup_stm32f103xb.o(.text)
    TIM1_BRK_IRQHandler                      0x080001c7   Thumb Code     0  startup_stm32f103xb.o(.text)
    TIM1_CC_IRQHandler                       0x080001c7   Thumb Code     0  startup_stm32f103xb.o(.text)
    TIM1_TRG_COM_IRQHandler                  0x080001c7   Thumb Code     0  startup_stm32f103xb.o(.text)
    TIM1_UP_IRQHandler                       0x080001c7   Thumb Code     0  startup_stm32f103xb.o(.text)
    TIM2_IRQHandler                          0x080001c7   Thumb Code     0  startup_stm32f103xb.o(.text)
    TIM3_IRQHandler                          0x080001c7   Thumb Code     0  startup_stm32f103xb.o(.text)
    TIM4_IRQHandler                          0x080001c7   Thumb Code     0  startup_stm32f103xb.o(.text)
    USART1_IRQHandler                        0x080001c7   Thumb Code     0  startup_stm32f103xb.o(.text)
    USART3_IRQHandler                        0x080001c7   Thumb Code     0  startup_stm32f103xb.o(.text)
    USBWakeUp_IRQHandler                     0x080001c7   Thumb Code     0  startup_stm32f103xb.o(.text)
    USB_HP_CAN1_TX_IRQHandler                0x080001c7   Thumb Code     0  startup_stm32f103xb.o(.text)
    USB_LP_CAN1_RX0_IRQHandler               0x080001c7   Thumb Code     0  startup_stm32f103xb.o(.text)
    WWDG_IRQHandler                          0x080001c7   Thumb Code     0  startup_stm32f103xb.o(.text)
    __user_initial_stackheap                 0x080001c9   Thumb Code     0  startup_stm32f103xb.o(.text)
    __2sprintf                               0x080001ed   Thumb Code    34  noretval__2sprintf.o(.text)
    __printf                                 0x08000215   Thumb Code   270  __printf_wp.o(.text)
    __0sscanf                                0x08000325   Thumb Code    52  __0sscanf.o(.text)
    _scanf_string                            0x08000361   Thumb Code   224  _scanf_str.o(.text)
    __aeabi_memclr4                          0x08000441   Thumb Code     0  rt_memclr_w.o(.text)
    __aeabi_memclr8                          0x08000441   Thumb Code     0  rt_memclr_w.o(.text)
    __rt_memclr_w                            0x08000441   Thumb Code    78  rt_memclr_w.o(.text)
    _memset_w                                0x08000445   Thumb Code     0  rt_memclr_w.o(.text)
    __use_two_region_memory                  0x0800048f   Thumb Code     2  heapauxi.o(.text)
    __rt_heap_escrow$2region                 0x08000491   Thumb Code     2  heapauxi.o(.text)
    __rt_heap_expand$2region                 0x08000493   Thumb Code     2  heapauxi.o(.text)
    __read_errno                             0x08000495   Thumb Code    10  _rserrno.o(.text)
    __set_errno                              0x0800049f   Thumb Code    12  _rserrno.o(.text)
    __lib_sel_fp_printf                      0x080004ab   Thumb Code     2  _printf_fp_dec.o(.text)
    _printf_fp_dec_real                      0x0800065d   Thumb Code   620  _printf_fp_dec.o(.text)
    _printf_char_common                      0x080008d3   Thumb Code    32  _printf_char_common.o(.text)
    _sputc                                   0x080008f9   Thumb Code    10  _sputc.o(.text)
    _scanf_really_real                       0x08000b51   Thumb Code   684  scanf_fp.o(.text)
    __vfscanf_char                           0x08000e09   Thumb Code    24  scanf_char.o(.text)
    _sgetc                                   0x08000e29   Thumb Code    30  _sgetc.o(.text)
    _sbackspace                              0x08000e47   Thumb Code    34  _sgetc.o(.text)
    __rt_locale                              0x08000e69   Thumb Code     8  rt_locale_intlibspace.o(.text)
    __aeabi_errno_addr                       0x08000e71   Thumb Code     8  rt_errno_addr_intlibspace.o(.text)
    __errno$intlibspace                      0x08000e71   Thumb Code     0  rt_errno_addr_intlibspace.o(.text)
    __rt_errno_addr$intlibspace              0x08000e71   Thumb Code     0  rt_errno_addr_intlibspace.o(.text)
    _ll_udiv10                               0x08000e79   Thumb Code   138  lludiv10.o(.text)
    isspace                                  0x08000f03   Thumb Code    18  isspace.o(.text)
    _printf_fp_infnan                        0x08000f15   Thumb Code   112  _printf_fp_infnan.o(.text)
    __vfscanf                                0x08000f95   Thumb Code   880  _scanf.o(.text)
    _btod_etento                             0x08001309   Thumb Code   224  bigflt0.o(.text)
    __user_libspace                          0x080013ed   Thumb Code     8  libspace.o(.text)
    __user_perproc_libspace                  0x080013ed   Thumb Code     0  libspace.o(.text)
    __user_perthread_libspace                0x080013ed   Thumb Code     0  libspace.o(.text)
    __user_setup_stackheap                   0x080013f5   Thumb Code    74  sys_stackheap_outer.o(.text)
    __rt_ctype_table                         0x08001441   Thumb Code    16  rt_ctype_table.o(.text)
    _scanf_really_hex_real                   0x08001451   Thumb Code   786  scanf_hexfp.o(.text)
    _scanf_really_infnan                     0x08001771   Thumb Code   292  scanf_infnan.o(.text)
    exit                                     0x080018a5   Thumb Code    18  exit.o(.text)
    strcmp                                   0x080018b9   Thumb Code   128  strcmpv7m.o(.text)
    __aeabi_llsl                             0x08001939   Thumb Code     0  llshl.o(.text)
    _ll_shift_l                              0x08001939   Thumb Code    38  llshl.o(.text)
    _chval                                   0x0800195f   Thumb Code    28  _chval.o(.text)
    _sys_exit                                0x0800197d   Thumb Code     8  sys_exit.o(.text)
    __I$use$semihosting                      0x08001989   Thumb Code     0  use_no_semi.o(.text)
    __use_no_semihosting_swi                 0x08001989   Thumb Code     2  use_no_semi.o(.text)
    __semihosting_library_function           0x0800198b   Thumb Code     0  indicate_semi.o(.text)
    _btod_d2e                                0x0800198b   Thumb Code    62  btod.o(CL$$btod_d2e)
    _d2e_denorm_low                          0x080019c9   Thumb Code    70  btod.o(CL$$btod_d2e_denorm_low)
    _d2e_norm_op1                            0x08001a0f   Thumb Code    96  btod.o(CL$$btod_d2e_norm_op1)
    __btod_div_common                        0x08001a6f   Thumb Code   696  btod.o(CL$$btod_div_common)
    _e2d                                     0x08001da9   Thumb Code   122  btod.o(CL$$btod_e2d)
    _e2e                                     0x08001e2d   Thumb Code   220  btod.o(CL$$btod_e2e)
    _btod_ediv                               0x08001f09   Thumb Code    42  btod.o(CL$$btod_ediv)
    _btod_edivd                              0x08001f33   Thumb Code    42  btod.o(CL$$btod_edivd)
    _btod_emul                               0x08001f5d   Thumb Code    42  btod.o(CL$$btod_emul)
    _btod_emuld                              0x08001f87   Thumb Code    42  btod.o(CL$$btod_emuld)
    __btod_mult_common                       0x08001fb1   Thumb Code   580  btod.o(CL$$btod_mult_common)
    BusFault_Handler                         0x080021f5   Thumb Code     2  stm32f1xx_it.o(i.BusFault_Handler)
    DMA1_Channel2_IRQHandler                 0x080021f9   Thumb Code     6  stm32f1xx_it.o(i.DMA1_Channel2_IRQHandler)
    DebugMon_Handler                         0x08002205   Thumb Code     2  stm32f1xx_it.o(i.DebugMon_Handler)
    EXTI0_IRQHandler                         0x08002207   Thumb Code     6  stm32f1xx_it.o(i.EXTI0_IRQHandler)
    Error_Handler                            0x0800220d   Thumb Code     4  main.o(i.Error_Handler)
    HAL_DMA_Abort                            0x08002211   Thumb Code    70  stm32f1xx_hal_dma.o(i.HAL_DMA_Abort)
    HAL_DMA_Abort_IT                         0x08002259   Thumb Code   148  stm32f1xx_hal_dma.o(i.HAL_DMA_Abort_IT)
    HAL_DMA_IRQHandler                       0x080022f1   Thumb Code   316  stm32f1xx_hal_dma.o(i.HAL_DMA_IRQHandler)
    HAL_DMA_Init                             0x08002445   Thumb Code    84  stm32f1xx_hal_dma.o(i.HAL_DMA_Init)
    HAL_Delay                                0x080024a1   Thumb Code    32  stm32f1xx_hal.o(i.HAL_Delay)
    HAL_GPIO_EXTI_Callback                   0x080024c5   Thumb Code    16  main.o(i.HAL_GPIO_EXTI_Callback)
    HAL_GPIO_EXTI_IRQHandler                 0x080024d9   Thumb Code    18  stm32f1xx_hal_gpio.o(i.HAL_GPIO_EXTI_IRQHandler)
    HAL_GPIO_Init                            0x080024f1   Thumb Code   446  stm32f1xx_hal_gpio.o(i.HAL_GPIO_Init)
    HAL_GetTick                              0x080026d1   Thumb Code     6  stm32f1xx_hal.o(i.HAL_GetTick)
    HAL_IncTick                              0x080026dd   Thumb Code    12  stm32f1xx_hal.o(i.HAL_IncTick)
    HAL_Init                                 0x080026ed   Thumb Code    32  stm32f1xx_hal.o(i.HAL_Init)
    HAL_InitTick                             0x08002711   Thumb Code    54  stm32f1xx_hal.o(i.HAL_InitTick)
    HAL_MspInit                              0x08002751   Thumb Code    52  stm32f1xx_hal_msp.o(i.HAL_MspInit)
    HAL_NVIC_EnableIRQ                       0x0800278d   Thumb Code    26  stm32f1xx_hal_cortex.o(i.HAL_NVIC_EnableIRQ)
    HAL_NVIC_SetPriority                     0x080027a9   Thumb Code    60  stm32f1xx_hal_cortex.o(i.HAL_NVIC_SetPriority)
    HAL_NVIC_SetPriorityGrouping             0x080027e9   Thumb Code    26  stm32f1xx_hal_cortex.o(i.HAL_NVIC_SetPriorityGrouping)
    HAL_RCC_ClockConfig                      0x0800280d   Thumb Code   280  stm32f1xx_hal_rcc.o(i.HAL_RCC_ClockConfig)
    HAL_RCC_GetPCLK1Freq                     0x08002939   Thumb Code    20  stm32f1xx_hal_rcc.o(i.HAL_RCC_GetPCLK1Freq)
    HAL_RCC_GetPCLK2Freq                     0x08002959   Thumb Code    20  stm32f1xx_hal_rcc.o(i.HAL_RCC_GetPCLK2Freq)
    HAL_RCC_GetSysClockFreq                  0x08002979   Thumb Code    58  stm32f1xx_hal_rcc.o(i.HAL_RCC_GetSysClockFreq)
    HAL_RCC_OscConfig                        0x080029c5   Thumb Code   778  stm32f1xx_hal_rcc.o(i.HAL_RCC_OscConfig)
    HAL_SYSTICK_Config                       0x08002ce5   Thumb Code    40  stm32f1xx_hal_cortex.o(i.HAL_SYSTICK_Config)
    HAL_TIMEx_ConfigBreakDeadTime            0x08002d0d   Thumb Code    84  stm32f1xx_hal_tim_ex.o(i.HAL_TIMEx_ConfigBreakDeadTime)
    HAL_TIMEx_MasterConfigSynchronization    0x08002d61   Thumb Code    92  stm32f1xx_hal_tim_ex.o(i.HAL_TIMEx_MasterConfigSynchronization)
    HAL_TIM_Base_Init                        0x08002dc9   Thumb Code    90  stm32f1xx_hal_tim.o(i.HAL_TIM_Base_Init)
    HAL_TIM_Base_MspInit                     0x08002e25   Thumb Code    78  stm32f1xx_hal_msp.o(i.HAL_TIM_Base_MspInit)
    HAL_TIM_ConfigClockSource                0x08002e85   Thumb Code   220  stm32f1xx_hal_tim.o(i.HAL_TIM_ConfigClockSource)
    HAL_TIM_MspPostInit                      0x08002f61   Thumb Code    64  stm32f1xx_hal_msp.o(i.HAL_TIM_MspPostInit)
    HAL_TIM_PWM_ConfigChannel                0x08002fad   Thumb Code   204  stm32f1xx_hal_tim.o(i.HAL_TIM_PWM_ConfigChannel)
    HAL_TIM_PWM_Init                         0x08003079   Thumb Code    90  stm32f1xx_hal_tim.o(i.HAL_TIM_PWM_Init)
    HAL_TIM_PWM_MspInit                      0x080030d3   Thumb Code     2  stm32f1xx_hal_tim.o(i.HAL_TIM_PWM_MspInit)
    HAL_TIM_PWM_Start                        0x080030d5   Thumb Code   144  stm32f1xx_hal_tim.o(i.HAL_TIM_PWM_Start)
    HAL_UARTEx_RxEventCallback               0x08003171   Thumb Code     2  stm32f1xx_hal_uart.o(i.HAL_UARTEx_RxEventCallback)
    HAL_UART_ErrorCallback                   0x08003173   Thumb Code     2  stm32f1xx_hal_uart.o(i.HAL_UART_ErrorCallback)
    HAL_UART_IRQHandler                      0x08003175   Thumb Code   616  stm32f1xx_hal_uart.o(i.HAL_UART_IRQHandler)
    HAL_UART_Init                            0x080033e1   Thumb Code   100  stm32f1xx_hal_uart.o(i.HAL_UART_Init)
    HAL_UART_MspInit                         0x08003445   Thumb Code   114  stm32f1xx_hal_msp.o(i.HAL_UART_MspInit)
    HAL_UART_Receive                         0x080034c5   Thumb Code   176  stm32f1xx_hal_uart.o(i.HAL_UART_Receive)
    HAL_UART_RxCpltCallback                  0x08003575   Thumb Code     2  stm32f1xx_hal_uart.o(i.HAL_UART_RxCpltCallback)
    HAL_UART_Transmit                        0x08003577   Thumb Code   160  stm32f1xx_hal_uart.o(i.HAL_UART_Transmit)
    HAL_UART_TxCpltCallback                  0x08003617   Thumb Code     2  stm32f1xx_hal_uart.o(i.HAL_UART_TxCpltCallback)
    HardFault_Handler                        0x08003619   Thumb Code     2  stm32f1xx_it.o(i.HardFault_Handler)
    MemManage_Handler                        0x080036f5   Thumb Code     2  stm32f1xx_it.o(i.MemManage_Handler)
    NMI_Handler                              0x080036f7   Thumb Code     2  stm32f1xx_it.o(i.NMI_Handler)
    PendSV_Handler                           0x080036f9   Thumb Code     2  stm32f1xx_it.o(i.PendSV_Handler)
    Run                                      0x080036fd   Thumb Code   306  main.o(i.Run)
    SVC_Handler                              0x08003849   Thumb Code     2  stm32f1xx_it.o(i.SVC_Handler)
    SysTick_Handler                          0x0800384b   Thumb Code     4  stm32f1xx_it.o(i.SysTick_Handler)
    SystemClock_Config                       0x0800384f   Thumb Code    80  main.o(i.SystemClock_Config)
    SystemInit                               0x0800389f   Thumb Code     2  system_stm32f1xx.o(i.SystemInit)
    TIM_Base_SetConfig                       0x080038a1   Thumb Code   108  stm32f1xx_hal_tim.o(i.TIM_Base_SetConfig)
    TIM_CCxChannelCmd                        0x08003919   Thumb Code    26  stm32f1xx_hal_tim.o(i.TIM_CCxChannelCmd)
    TIM_ETR_SetConfig                        0x08003933   Thumb Code    20  stm32f1xx_hal_tim.o(i.TIM_ETR_SetConfig)
    TIM_OC2_SetConfig                        0x080039a9   Thumb Code    84  stm32f1xx_hal_tim.o(i.TIM_OC2_SetConfig)
    USART2_IRQHandler                        0x08003d31   Thumb Code     6  stm32f1xx_it.o(i.USART2_IRQHandler)
    UsageFault_Handler                       0x08003d3d   Thumb Code     2  stm32f1xx_it.o(i.UsageFault_Handler)
    __ARM_fpclassify                         0x08003d3f   Thumb Code    40  fpclassify.o(i.__ARM_fpclassify)
    __ieee754_rem_pio2                       0x08003d89   Thumb Code   828  rred.o(i.__ieee754_rem_pio2)
    __kernel_cos                             0x08004111   Thumb Code   230  cos_i.o(i.__kernel_cos)
    __kernel_poly                            0x0800420d   Thumb Code   170  poly.o(i.__kernel_poly)
    __kernel_sin                             0x080042b9   Thumb Code   224  sin_i.o(i.__kernel_sin)
    __mathlib_dbl_divzero                    0x080043a5   Thumb Code    12  dunder.o(i.__mathlib_dbl_divzero)
    __mathlib_dbl_infnan                     0x080043b5   Thumb Code     6  dunder.o(i.__mathlib_dbl_infnan)
    __mathlib_dbl_infnan2                    0x080043bb   Thumb Code     4  dunder.o(i.__mathlib_dbl_infnan2)
    __mathlib_dbl_invalid                    0x080043bf   Thumb Code    12  dunder.o(i.__mathlib_dbl_invalid)
    __mathlib_dbl_overflow                   0x080043cb   Thumb Code    14  dunder.o(i.__mathlib_dbl_overflow)
    __mathlib_dbl_underflow                  0x080043d9   Thumb Code    10  dunder.o(i.__mathlib_dbl_underflow)
    __mathlib_narrow                         0x080043e9   Thumb Code    16  narrow.o(i.__mathlib_narrow)
    __mathlib_tofloat                        0x080043f9   Thumb Code   184  narrow.o(i.__mathlib_tofloat)
    __support_ldexp                          0x080044b5   Thumb Code    22  ldexp.o(i.__support_ldexp)
    _is_digit                                0x080044cb   Thumb Code    14  __printf_wp.o(i._is_digit)
    acos                                     0x080044d9   Thumb Code   574  acos.o(i.acos)
    atan                                     0x08004755   Thumb Code   474  atan.o(i.atan)
    checkTheTa1                              0x08004975   Thumb Code   268  main.o(i.checkTheTa1)
    cos                                      0x08004a99   Thumb Code   148  cos.o(i.cos)
    dongHocNghich                            0x08004b35   Thumb Code   804  main.o(i.dongHocNghich)
    dongHocThuan                             0x08004e91   Thumb Code   236  main.o(i.dongHocThuan)
    frexp                                    0x08004f9d   Thumb Code    80  frexp.o(i.frexp)
    guiDuLieu_ERROR                          0x08004ff5   Thumb Code    26  main.o(i.guiDuLieu_ERROR)
    guiDuLieu_N                              0x08005019   Thumb Code    80  main.o(i.guiDuLieu_N)
    guiDuLieu_T                              0x08005089   Thumb Code    56  main.o(i.guiDuLieu_T)
    guiDuLieu_ketThuc                        0x080050d5   Thumb Code    28  main.o(i.guiDuLieu_ketThuc)
    ldexp                                    0x080050fd   Thumb Code   116  ldexp.o(i.ldexp)
    main                                     0x08005171   Thumb Code   318  main.o(i.main)
    pow                                      0x080052c9   Thumb Code  2512  pow.o(i.pow)
    round                                    0x08005ca1   Thumb Code   136  round.o(i.round)
    run_home                                 0x08005d35   Thumb Code    34  main.o(i.run_home)
    servo1Write                              0x08005d5d   Thumb Code    38  servo.o(i.servo1Write)
    servo2Write                              0x08005d91   Thumb Code    38  servo.o(i.servo2Write)
    sin                                      0x08005dc5   Thumb Code   150  sin.o(i.sin)
    sqrt                                     0x08005e65   Thumb Code    76  sqrt.o(i.sqrt)
    xuLyDuLieu                               0x08005eb1   Thumb Code    78  main.o(i.xuLyDuLieu)
    _get_lc_numeric                          0x08005f15   Thumb Code    44  lc_numeric_c.o(locale$$code)
    _get_lc_ctype                            0x08005f41   Thumb Code    44  lc_ctype_c.o(locale$$code)
    __aeabi_d2f                              0x08005f6d   Thumb Code     0  d2f.o(x$fpl$d2f)
    _d2f                                     0x08005f6d   Thumb Code    98  d2f.o(x$fpl$d2f)
    __aeabi_dadd                             0x08005fd1   Thumb Code     0  daddsub_clz.o(x$fpl$dadd)
    _dadd                                    0x08005fd1   Thumb Code   332  daddsub_clz.o(x$fpl$dadd)
    __fpl_dcheck_NaN1                        0x08006121   Thumb Code    10  dcheck1.o(x$fpl$dcheck1)
    __fpl_dcmp_Inf                           0x08006131   Thumb Code    24  dcmpi.o(x$fpl$dcmpinf)
    __aeabi_ddiv                             0x08006149   Thumb Code     0  ddiv.o(x$fpl$ddiv)
    _ddiv                                    0x08006149   Thumb Code   552  ddiv.o(x$fpl$ddiv)
    __aeabi_cdcmpeq                          0x080063f9   Thumb Code     0  deqf.o(x$fpl$deqf)
    _dcmpeq                                  0x080063f9   Thumb Code   120  deqf.o(x$fpl$deqf)
    __aeabi_d2iz                             0x08006471   Thumb Code     0  dfix.o(x$fpl$dfix)
    _dfix                                    0x08006471   Thumb Code    94  dfix.o(x$fpl$dfix)
    __aeabi_i2d                              0x080064cf   Thumb Code     0  dflt_clz.o(x$fpl$dflt)
    _dflt                                    0x080064cf   Thumb Code    46  dflt_clz.o(x$fpl$dflt)
    __aeabi_ui2d                             0x080064fd   Thumb Code     0  dflt_clz.o(x$fpl$dfltu)
    _dfltu                                   0x080064fd   Thumb Code    38  dflt_clz.o(x$fpl$dfltu)
    __aeabi_cdcmple                          0x08006525   Thumb Code     0  dleqf.o(x$fpl$dleqf)
    _dcmple                                  0x08006525   Thumb Code   120  dleqf.o(x$fpl$dleqf)
    __fpl_dcmple_InfNaN                      0x08006587   Thumb Code     0  dleqf.o(x$fpl$dleqf)
    __aeabi_dmul                             0x0800659d   Thumb Code     0  dmul.o(x$fpl$dmul)
    _dmul                                    0x0800659d   Thumb Code   332  dmul.o(x$fpl$dmul)
    __fpl_dnaninf                            0x080066f1   Thumb Code   156  dnaninf.o(x$fpl$dnaninf)
    __fpl_dretinf                            0x0800678d   Thumb Code    12  dretinf.o(x$fpl$dretinf)
    __aeabi_cdrcmple                         0x08006799   Thumb Code     0  drleqf.o(x$fpl$drleqf)
    _drcmple                                 0x08006799   Thumb Code   108  drleqf.o(x$fpl$drleqf)
    _drnd                                    0x08006805   Thumb Code   180  drnd.o(x$fpl$drnd)
    __aeabi_drsub                            0x080068b9   Thumb Code     0  daddsub_clz.o(x$fpl$drsb)
    _drsb                                    0x080068b9   Thumb Code    22  daddsub_clz.o(x$fpl$drsb)
    _dsqrt                                   0x080068d1   Thumb Code   456  dsqrt_noumaal.o(x$fpl$dsqrt)
    __aeabi_dsub                             0x08006a9d   Thumb Code     0  daddsub_clz.o(x$fpl$dsub)
    _dsub                                    0x08006a9d   Thumb Code   464  daddsub_clz.o(x$fpl$dsub)
    __aeabi_f2d                              0x08006c71   Thumb Code     0  f2d.o(x$fpl$f2d)
    _f2d                                     0x08006c71   Thumb Code    86  f2d.o(x$fpl$f2d)
    __aeabi_fadd                             0x08006cc9   Thumb Code     0  faddsub_clz.o(x$fpl$fadd)
    _fadd                                    0x08006cc9   Thumb Code   196  faddsub_clz.o(x$fpl$fadd)
    __fpl_fcmp_Inf                           0x08006d8d   Thumb Code    24  fcmpi.o(x$fpl$fcmpinf)
    __aeabi_fdiv                             0x08006da5   Thumb Code     0  fdiv.o(x$fpl$fdiv)
    _fdiv                                    0x08006da5   Thumb Code   384  fdiv.o(x$fpl$fdiv)
    __aeabi_f2uiz                            0x08006f29   Thumb Code     0  ffixu.o(x$fpl$ffixu)
    _ffixu                                   0x08006f29   Thumb Code    62  ffixu.o(x$fpl$ffixu)
    __aeabi_cfcmple                          0x08006f69   Thumb Code     0  fleqf.o(x$fpl$fleqf)
    _fcmple                                  0x08006f69   Thumb Code   104  fleqf.o(x$fpl$fleqf)
    __fpl_fcmple_InfNaN                      0x08006fbb   Thumb Code     0  fleqf.o(x$fpl$fleqf)
    __aeabi_fmul                             0x08006fd1   Thumb Code     0  fmul.o(x$fpl$fmul)
    _fmul                                    0x08006fd1   Thumb Code   258  fmul.o(x$fpl$fmul)
    __fpl_fnaninf                            0x080070d3   Thumb Code   140  fnaninf.o(x$fpl$fnaninf)
    __fpl_fretinf                            0x0800715f   Thumb Code    10  fretinf.o(x$fpl$fretinf)
    __aeabi_cfrcmple                         0x08007169   Thumb Code     0  frleqf.o(x$fpl$frleqf)
    _frcmple                                 0x08007169   Thumb Code    98  frleqf.o(x$fpl$frleqf)
    __aeabi_frsub                            0x080071cb   Thumb Code     0  faddsub_clz.o(x$fpl$frsb)
    _frsb                                    0x080071cb   Thumb Code    20  faddsub_clz.o(x$fpl$frsb)
    __aeabi_fsub                             0x080071e1   Thumb Code     0  faddsub_clz.o(x$fpl$fsub)
    _fsub                                    0x080071e1   Thumb Code   234  faddsub_clz.o(x$fpl$fsub)
    __ieee_status                            0x080072cb   Thumb Code     6  istatus.o(x$fpl$ieeestatus)
    _printf_fp_dec                           0x080072d1   Thumb Code     4  printf1.o(x$fpl$printf1)
    __fpl_return_NaN                         0x080072d5   Thumb Code   100  retnan.o(x$fpl$retnan)
    __ARM_scalbn                             0x08007339   Thumb Code    92  scalbn.o(x$fpl$scalbn)
    _scanf_real                              0x08007395   Thumb Code     4  scanf1.o(x$fpl$scanf1)
    _scanf_hex_real                          0x08007399   Thumb Code     4  scanf2.o(x$fpl$scanf2)
    _scanf_infnan                            0x0800739d   Thumb Code     4  scanf2.o(x$fpl$scanf2)
    __fpl_cmpreturn                          0x080073a1   Thumb Code    48  trapv.o(x$fpl$trapveneer)
    __I$use$fp                               0x080073d0   Number         0  usenofp.o(x$fpl$usenofp)
    AHBPrescTable                            0x080073ec   Data          16  system_stm32f1xx.o(.constdata)
    APBPrescTable                            0x080073fc   Data           8  system_stm32f1xx.o(.constdata)
    __mathlib_zero                           0x080075a8   Data           8  qnan.o(.constdata)
    Region$$Table$$Base                      0x08007734   Number         0  anon$$obj.o(Region$$Table)
    Region$$Table$$Limit                     0x08007754   Number         0  anon$$obj.o(Region$$Table)
    __aeabi_HUGE_VAL                         0x08007754   Data           0  fpconst.o(c$$dinf)
    __aeabi_HUGE_VALL                        0x08007754   Data           0  fpconst.o(c$$dinf)
    __aeabi_INFINITY                         0x08007754   Data           0  fpconst.o(c$$dinf)
    __dInf                                   0x08007754   Data           0  fpconst.o(c$$dinf)
    __huge_val                               0x08007754   Data           0  fpconst.o(c$$dinf)
    __dbl_max                                0x0800775c   Data           0  fpconst.o(c$$dmax)
    __ctype                                  0x0800778d   Data           0  lc_ctype_c.o(locale$$data)
    thuanOrNgich                             0x20000000   Data           1  main.o(.data)
    gocQuay1                                 0x20000004   Data           4  main.o(.data)
    gocQuay2                                 0x20000008   Data           4  main.o(.data)
    goc1HienTai                              0x2000000c   Data           4  main.o(.data)
    goc2HienTai                              0x20000010   Data           4  main.o(.data)
    end                                      0x20000014   Data           4  main.o(.data)
    runHome                                  0x20000018   Data           4  main.o(.data)
    toaDoX                                   0x2000001c   Data           4  main.o(.data)
    toaDoY                                   0x20000020   Data           4  main.o(.data)
    theTa1                                   0x20000024   Data           4  main.o(.data)
    theTa2                                   0x20000028   Data           4  main.o(.data)
    theTa1N                                  0x2000002c   Data           4  main.o(.data)
    theTa2N                                  0x20000030   Data           4  main.o(.data)
    error                                    0x20000034   Data           4  main.o(.data)
    uwTickFreq                               0x20000038   Data           1  stm32f1xx_hal.o(.data)
    uwTickPrio                               0x2000003c   Data           4  stm32f1xx_hal.o(.data)
    uwTick                                   0x20000040   Data           4  stm32f1xx_hal.o(.data)
    SystemCoreClock                          0x20000044   Data           4  system_stm32f1xx.o(.data)
    htim1                                    0x20000048   Data          72  main.o(.bss)
    huart2                                   0x20000090   Data          72  main.o(.bss)
    dataRX                                   0x200000d8   Data          14  main.o(.bss)
    hdma_tim1_ch1                            0x200000e8   Data          68  main.o(.bss)
    __libspace_start                         0x2000012c   Data          96  libspace.o(.bss)
    __temporary_stack_top$libspace           0x2000018c   Data           0  libspace.o(.bss)



==============================================================================

Memory Map of the image

  Image Entry point : 0x080000ed

  Load Region LR_IROM1 (Base: 0x08000000, Size: 0x000078d8, Max: 0x00010000, ABSOLUTE)

    Execution Region ER_IROM1 (Exec base: 0x08000000, Load base: 0x08000000, Size: 0x00007890, Max: 0x00010000, ABSOLUTE)

    Exec Addr    Load Addr    Size         Type   Attr      Idx    E Section Name        Object

    0x08000000   0x08000000   0x000000ec   Data   RO            3    RESET               startup_stm32f103xb.o
    0x080000ec   0x080000ec   0x00000008   Code   RO         2827  * !!!main             c_w.l(__main.o)
    0x080000f4   0x080000f4   0x00000034   Code   RO         3268    !!!scatter          c_w.l(__scatter.o)
    0x08000128   0x08000128   0x0000001a   Code   RO         3270    !!handler_copy      c_w.l(__scatter_copy.o)
    0x08000142   0x08000142   0x00000002   PAD
    0x08000144   0x08000144   0x0000001c   Code   RO         3272    !!handler_zi        c_w.l(__scatter_zi.o)
    0x08000160   0x08000160   0x00000000   Code   RO         2818    .ARM.Collect$$_printf_percent$$00000000  c_w.l(_printf_percent.o)
    0x08000160   0x08000160   0x00000006   Code   RO         2817    .ARM.Collect$$_printf_percent$$00000003  c_w.l(_printf_f.o)
    0x08000166   0x08000166   0x00000004   Code   RO         2936    .ARM.Collect$$_printf_percent$$00000017  c_w.l(_printf_percent_end.o)
    0x0800016a   0x0800016a   0x00000002   Code   RO         3110    .ARM.Collect$$libinit$$00000000  c_w.l(libinit.o)
    0x0800016c   0x0800016c   0x00000000   Code   RO         3112    .ARM.Collect$$libinit$$00000002  c_w.l(libinit2.o)
    0x0800016c   0x0800016c   0x00000000   Code   RO         3114    .ARM.Collect$$libinit$$00000004  c_w.l(libinit2.o)
    0x0800016c   0x0800016c   0x00000000   Code   RO         3117    .ARM.Collect$$libinit$$0000000A  c_w.l(libinit2.o)
    0x0800016c   0x0800016c   0x00000000   Code   RO         3119    .ARM.Collect$$libinit$$0000000C  c_w.l(libinit2.o)
    0x0800016c   0x0800016c   0x00000000   Code   RO         3121    .ARM.Collect$$libinit$$0000000E  c_w.l(libinit2.o)
    0x0800016c   0x0800016c   0x00000006   Code   RO         3122    .ARM.Collect$$libinit$$0000000F  c_w.l(libinit2.o)
    0x08000172   0x08000172   0x00000000   Code   RO         3124    .ARM.Collect$$libinit$$00000011  c_w.l(libinit2.o)
    0x08000172   0x08000172   0x0000000c   Code   RO         3125    .ARM.Collect$$libinit$$00000012  c_w.l(libinit2.o)
    0x0800017e   0x0800017e   0x00000000   Code   RO         3126    .ARM.Collect$$libinit$$00000013  c_w.l(libinit2.o)
    0x0800017e   0x0800017e   0x00000000   Code   RO         3128    .ARM.Collect$$libinit$$00000015  c_w.l(libinit2.o)
    0x0800017e   0x0800017e   0x0000000a   Code   RO         3129    .ARM.Collect$$libinit$$00000016  c_w.l(libinit2.o)
    0x08000188   0x08000188   0x00000000   Code   RO         3130    .ARM.Collect$$libinit$$00000017  c_w.l(libinit2.o)
    0x08000188   0x08000188   0x00000000   Code   RO         3132    .ARM.Collect$$libinit$$00000019  c_w.l(libinit2.o)
    0x08000188   0x08000188   0x00000000   Code   RO         3134    .ARM.Collect$$libinit$$0000001B  c_w.l(libinit2.o)
    0x08000188   0x08000188   0x00000000   Code   RO         3136    .ARM.Collect$$libinit$$0000001D  c_w.l(libinit2.o)
    0x08000188   0x08000188   0x00000000   Code   RO         3138    .ARM.Collect$$libinit$$0000001F  c_w.l(libinit2.o)
    0x08000188   0x08000188   0x00000000   Code   RO         3140    .ARM.Collect$$libinit$$00000021  c_w.l(libinit2.o)
    0x08000188   0x08000188   0x00000000   Code   RO         3142    .ARM.Collect$$libinit$$00000023  c_w.l(libinit2.o)
    0x08000188   0x08000188   0x00000000   Code   RO         3144    .ARM.Collect$$libinit$$00000025  c_w.l(libinit2.o)
    0x08000188   0x08000188   0x00000000   Code   RO         3148    .ARM.Collect$$libinit$$0000002C  c_w.l(libinit2.o)
    0x08000188   0x08000188   0x00000000   Code   RO         3150    .ARM.Collect$$libinit$$0000002E  c_w.l(libinit2.o)
    0x08000188   0x08000188   0x00000000   Code   RO         3152    .ARM.Collect$$libinit$$00000030  c_w.l(libinit2.o)
    0x08000188   0x08000188   0x00000000   Code   RO         3154    .ARM.Collect$$libinit$$00000032  c_w.l(libinit2.o)
    0x08000188   0x08000188   0x00000002   Code   RO         3155    .ARM.Collect$$libinit$$00000033  c_w.l(libinit2.o)
    0x0800018a   0x0800018a   0x00000002   Code   RO         3214    .ARM.Collect$$libshutdown$$00000000  c_w.l(libshutdown.o)
    0x0800018c   0x0800018c   0x00000000   Code   RO         3225    .ARM.Collect$$libshutdown$$00000002  c_w.l(libshutdown2.o)
    0x0800018c   0x0800018c   0x00000000   Code   RO         3227    .ARM.Collect$$libshutdown$$00000004  c_w.l(libshutdown2.o)
    0x0800018c   0x0800018c   0x00000000   Code   RO         3229    .ARM.Collect$$libshutdown$$00000006  c_w.l(libshutdown2.o)
    0x0800018c   0x0800018c   0x00000000   Code   RO         3232    .ARM.Collect$$libshutdown$$00000009  c_w.l(libshutdown2.o)
    0x0800018c   0x0800018c   0x00000000   Code   RO         3235    .ARM.Collect$$libshutdown$$0000000C  c_w.l(libshutdown2.o)
    0x0800018c   0x0800018c   0x00000000   Code   RO         3237    .ARM.Collect$$libshutdown$$0000000E  c_w.l(libshutdown2.o)
    0x0800018c   0x0800018c   0x00000000   Code   RO         3240    .ARM.Collect$$libshutdown$$00000011  c_w.l(libshutdown2.o)
    0x0800018c   0x0800018c   0x00000002   Code   RO         3241    .ARM.Collect$$libshutdown$$00000012  c_w.l(libshutdown2.o)
    0x0800018e   0x0800018e   0x00000000   Code   RO         2927    .ARM.Collect$$rtentry$$00000000  c_w.l(__rtentry.o)
    0x0800018e   0x0800018e   0x00000000   Code   RO         3002    .ARM.Collect$$rtentry$$00000002  c_w.l(__rtentry2.o)
    0x0800018e   0x0800018e   0x00000006   Code   RO         3014    .ARM.Collect$$rtentry$$00000004  c_w.l(__rtentry4.o)
    0x08000194   0x08000194   0x00000000   Code   RO         3004    .ARM.Collect$$rtentry$$00000009  c_w.l(__rtentry2.o)
    0x08000194   0x08000194   0x00000004   Code   RO         3005    .ARM.Collect$$rtentry$$0000000A  c_w.l(__rtentry2.o)
    0x08000198   0x08000198   0x00000000   Code   RO         3007    .ARM.Collect$$rtentry$$0000000C  c_w.l(__rtentry2.o)
    0x08000198   0x08000198   0x00000008   Code   RO         3008    .ARM.Collect$$rtentry$$0000000D  c_w.l(__rtentry2.o)
    0x080001a0   0x080001a0   0x00000002   Code   RO         3164    .ARM.Collect$$rtexit$$00000000  c_w.l(rtexit.o)
    0x080001a2   0x080001a2   0x00000000   Code   RO         3192    .ARM.Collect$$rtexit$$00000002  c_w.l(rtexit2.o)
    0x080001a2   0x080001a2   0x00000004   Code   RO         3193    .ARM.Collect$$rtexit$$00000003  c_w.l(rtexit2.o)
    0x080001a6   0x080001a6   0x00000006   Code   RO         3194    .ARM.Collect$$rtexit$$00000004  c_w.l(rtexit2.o)
    0x080001ac   0x080001ac   0x00000040   Code   RO            4    .text               startup_stm32f103xb.o
    0x080001ec   0x080001ec   0x00000028   Code   RO         2793    .text               c_w.l(noretval__2sprintf.o)
    0x08000214   0x08000214   0x0000010e   Code   RO         2805    .text               c_w.l(__printf_wp.o)
    0x08000322   0x08000322   0x00000002   PAD
    0x08000324   0x08000324   0x0000003c   Code   RO         2819    .text               c_w.l(__0sscanf.o)
    0x08000360   0x08000360   0x000000e0   Code   RO         2821    .text               c_w.l(_scanf_str.o)
    0x08000440   0x08000440   0x0000004e   Code   RO         2823    .text               c_w.l(rt_memclr_w.o)
    0x0800048e   0x0800048e   0x00000006   Code   RO         2825    .text               c_w.l(heapauxi.o)
    0x08000494   0x08000494   0x00000016   Code   RO         2928    .text               c_w.l(_rserrno.o)
    0x080004aa   0x080004aa   0x0000041e   Code   RO         2930    .text               c_w.l(_printf_fp_dec.o)
    0x080008c8   0x080008c8   0x00000030   Code   RO         2932    .text               c_w.l(_printf_char_common.o)
    0x080008f8   0x080008f8   0x0000000a   Code   RO         2934    .text               c_w.l(_sputc.o)
    0x08000902   0x08000902   0x00000002   PAD
    0x08000904   0x08000904   0x000004f8   Code   RO         2937    .text               c_w.l(scanf_fp.o)
    0x08000dfc   0x08000dfc   0x0000002c   Code   RO         2939    .text               c_w.l(scanf_char.o)
    0x08000e28   0x08000e28   0x00000040   Code   RO         2941    .text               c_w.l(_sgetc.o)
    0x08000e68   0x08000e68   0x00000008   Code   RO         3019    .text               c_w.l(rt_locale_intlibspace.o)
    0x08000e70   0x08000e70   0x00000008   Code   RO         3024    .text               c_w.l(rt_errno_addr_intlibspace.o)
    0x08000e78   0x08000e78   0x0000008a   Code   RO         3026    .text               c_w.l(lludiv10.o)
    0x08000f02   0x08000f02   0x00000012   Code   RO         3028    .text               c_w.l(isspace.o)
    0x08000f14   0x08000f14   0x00000080   Code   RO         3030    .text               c_w.l(_printf_fp_infnan.o)
    0x08000f94   0x08000f94   0x00000374   Code   RO         3034    .text               c_w.l(_scanf.o)
    0x08001308   0x08001308   0x000000e4   Code   RO         3036    .text               c_w.l(bigflt0.o)
    0x080013ec   0x080013ec   0x00000008   Code   RO         3090    .text               c_w.l(libspace.o)
    0x080013f4   0x080013f4   0x0000004a   Code   RO         3093    .text               c_w.l(sys_stackheap_outer.o)
    0x0800143e   0x0800143e   0x00000002   PAD
    0x08001440   0x08001440   0x00000010   Code   RO         3095    .text               c_w.l(rt_ctype_table.o)
    0x08001450   0x08001450   0x00000320   Code   RO         3097    .text               c_w.l(scanf_hexfp.o)
    0x08001770   0x08001770   0x00000134   Code   RO         3099    .text               c_w.l(scanf_infnan.o)
    0x080018a4   0x080018a4   0x00000012   Code   RO         3101    .text               c_w.l(exit.o)
    0x080018b6   0x080018b6   0x00000002   PAD
    0x080018b8   0x080018b8   0x00000080   Code   RO         3103    .text               c_w.l(strcmpv7m.o)
    0x08001938   0x08001938   0x00000026   Code   RO         3166    .text               c_w.l(llshl.o)
    0x0800195e   0x0800195e   0x0000001c   Code   RO         3168    .text               c_w.l(_chval.o)
    0x0800197a   0x0800197a   0x00000002   PAD
    0x0800197c   0x0800197c   0x0000000c   Code   RO         3204    .text               c_w.l(sys_exit.o)
    0x08001988   0x08001988   0x00000002   Code   RO         3215    .text               c_w.l(use_no_semi.o)
    0x0800198a   0x0800198a   0x00000000   Code   RO         3217    .text               c_w.l(indicate_semi.o)
    0x0800198a   0x0800198a   0x0000003e   Code   RO         3039    CL$$btod_d2e        c_w.l(btod.o)
    0x080019c8   0x080019c8   0x00000046   Code   RO         3041    CL$$btod_d2e_denorm_low  c_w.l(btod.o)
    0x08001a0e   0x08001a0e   0x00000060   Code   RO         3040    CL$$btod_d2e_norm_op1  c_w.l(btod.o)
    0x08001a6e   0x08001a6e   0x00000338   Code   RO         3049    CL$$btod_div_common  c_w.l(btod.o)
    0x08001da6   0x08001da6   0x00000002   PAD
    0x08001da8   0x08001da8   0x00000084   Code   RO         3047    CL$$btod_e2d        c_w.l(btod.o)
    0x08001e2c   0x08001e2c   0x000000dc   Code   RO         3046    CL$$btod_e2e        c_w.l(btod.o)
    0x08001f08   0x08001f08   0x0000002a   Code   RO         3043    CL$$btod_ediv       c_w.l(btod.o)
    0x08001f32   0x08001f32   0x0000002a   Code   RO         3045    CL$$btod_edivd      c_w.l(btod.o)
    0x08001f5c   0x08001f5c   0x0000002a   Code   RO         3042    CL$$btod_emul       c_w.l(btod.o)
    0x08001f86   0x08001f86   0x0000002a   Code   RO         3044    CL$$btod_emuld      c_w.l(btod.o)
    0x08001fb0   0x08001fb0   0x00000244   Code   RO         3048    CL$$btod_mult_common  c_w.l(btod.o)
    0x080021f4   0x080021f4   0x00000002   Code   RO          254    i.BusFault_Handler  stm32f1xx_it.o
    0x080021f6   0x080021f6   0x00000002   PAD
    0x080021f8   0x080021f8   0x0000000c   Code   RO          255    i.DMA1_Channel2_IRQHandler  stm32f1xx_it.o
    0x08002204   0x08002204   0x00000002   Code   RO          256    i.DebugMon_Handler  stm32f1xx_it.o
    0x08002206   0x08002206   0x00000006   Code   RO          257    i.EXTI0_IRQHandler  stm32f1xx_it.o
    0x0800220c   0x0800220c   0x00000004   Code   RO          138    i.Error_Handler     main.o
    0x08002210   0x08002210   0x00000046   Code   RO         1793    i.HAL_DMA_Abort     stm32f1xx_hal_dma.o
    0x08002256   0x08002256   0x00000002   PAD
    0x08002258   0x08002258   0x00000098   Code   RO         1794    i.HAL_DMA_Abort_IT  stm32f1xx_hal_dma.o
    0x080022f0   0x080022f0   0x00000154   Code   RO         1798    i.HAL_DMA_IRQHandler  stm32f1xx_hal_dma.o
    0x08002444   0x08002444   0x0000005c   Code   RO         1799    i.HAL_DMA_Init      stm32f1xx_hal_dma.o
    0x080024a0   0x080024a0   0x00000024   Code   RO         1419    i.HAL_Delay         stm32f1xx_hal.o
    0x080024c4   0x080024c4   0x00000014   Code   RO          139    i.HAL_GPIO_EXTI_Callback  main.o
    0x080024d8   0x080024d8   0x00000018   Code   RO         1728    i.HAL_GPIO_EXTI_IRQHandler  stm32f1xx_hal_gpio.o
    0x080024f0   0x080024f0   0x000001e0   Code   RO         1729    i.HAL_GPIO_Init     stm32f1xx_hal_gpio.o
    0x080026d0   0x080026d0   0x0000000c   Code   RO         1423    i.HAL_GetTick       stm32f1xx_hal.o
    0x080026dc   0x080026dc   0x00000010   Code   RO         1429    i.HAL_IncTick       stm32f1xx_hal.o
    0x080026ec   0x080026ec   0x00000024   Code   RO         1430    i.HAL_Init          stm32f1xx_hal.o
    0x08002710   0x08002710   0x00000040   Code   RO         1431    i.HAL_InitTick      stm32f1xx_hal.o
    0x08002750   0x08002750   0x0000003c   Code   RO          348    i.HAL_MspInit       stm32f1xx_hal_msp.o
    0x0800278c   0x0800278c   0x0000001a   Code   RO         1889    i.HAL_NVIC_EnableIRQ  stm32f1xx_hal_cortex.o
    0x080027a6   0x080027a6   0x00000002   PAD
    0x080027a8   0x080027a8   0x00000040   Code   RO         1895    i.HAL_NVIC_SetPriority  stm32f1xx_hal_cortex.o
    0x080027e8   0x080027e8   0x00000024   Code   RO         1896    i.HAL_NVIC_SetPriorityGrouping  stm32f1xx_hal_cortex.o
    0x0800280c   0x0800280c   0x0000012c   Code   RO         1587    i.HAL_RCC_ClockConfig  stm32f1xx_hal_rcc.o
    0x08002938   0x08002938   0x00000020   Code   RO         1594    i.HAL_RCC_GetPCLK1Freq  stm32f1xx_hal_rcc.o
    0x08002958   0x08002958   0x00000020   Code   RO         1595    i.HAL_RCC_GetPCLK2Freq  stm32f1xx_hal_rcc.o
    0x08002978   0x08002978   0x0000004c   Code   RO         1596    i.HAL_RCC_GetSysClockFreq  stm32f1xx_hal_rcc.o
    0x080029c4   0x080029c4   0x00000320   Code   RO         1599    i.HAL_RCC_OscConfig  stm32f1xx_hal_rcc.o
    0x08002ce4   0x08002ce4   0x00000028   Code   RO         1900    i.HAL_SYSTICK_Config  stm32f1xx_hal_cortex.o
    0x08002d0c   0x08002d0c   0x00000054   Code   RO         1148    i.HAL_TIMEx_ConfigBreakDeadTime  stm32f1xx_hal_tim_ex.o
    0x08002d60   0x08002d60   0x00000068   Code   RO         1164    i.HAL_TIMEx_MasterConfigSynchronization  stm32f1xx_hal_tim_ex.o
    0x08002dc8   0x08002dc8   0x0000005a   Code   RO          441    i.HAL_TIM_Base_Init  stm32f1xx_hal_tim.o
    0x08002e22   0x08002e22   0x00000002   PAD
    0x08002e24   0x08002e24   0x00000060   Code   RO          350    i.HAL_TIM_Base_MspInit  stm32f1xx_hal_msp.o
    0x08002e84   0x08002e84   0x000000dc   Code   RO          450    i.HAL_TIM_ConfigClockSource  stm32f1xx_hal_tim.o
    0x08002f60   0x08002f60   0x0000004c   Code   RO          351    i.HAL_TIM_MspPostInit  stm32f1xx_hal_msp.o
    0x08002fac   0x08002fac   0x000000cc   Code   RO          513    i.HAL_TIM_PWM_ConfigChannel  stm32f1xx_hal_tim.o
    0x08003078   0x08003078   0x0000005a   Code   RO          516    i.HAL_TIM_PWM_Init  stm32f1xx_hal_tim.o
    0x080030d2   0x080030d2   0x00000002   Code   RO          518    i.HAL_TIM_PWM_MspInit  stm32f1xx_hal_tim.o
    0x080030d4   0x080030d4   0x0000009c   Code   RO          521    i.HAL_TIM_PWM_Start  stm32f1xx_hal_tim.o
    0x08003170   0x08003170   0x00000002   Code   RO         2401    i.HAL_UARTEx_RxEventCallback  stm32f1xx_hal_uart.o
    0x08003172   0x08003172   0x00000002   Code   RO         2415    i.HAL_UART_ErrorCallback  stm32f1xx_hal_uart.o
    0x08003174   0x08003174   0x0000026c   Code   RO         2418    i.HAL_UART_IRQHandler  stm32f1xx_hal_uart.o
    0x080033e0   0x080033e0   0x00000064   Code   RO         2419    i.HAL_UART_Init     stm32f1xx_hal_uart.o
    0x08003444   0x08003444   0x00000080   Code   RO          353    i.HAL_UART_MspInit  stm32f1xx_hal_msp.o
    0x080034c4   0x080034c4   0x000000b0   Code   RO         2422    i.HAL_UART_Receive  stm32f1xx_hal_uart.o
    0x08003574   0x08003574   0x00000002   Code   RO         2425    i.HAL_UART_RxCpltCallback  stm32f1xx_hal_uart.o
    0x08003576   0x08003576   0x000000a0   Code   RO         2427    i.HAL_UART_Transmit  stm32f1xx_hal_uart.o
    0x08003616   0x08003616   0x00000002   Code   RO         2430    i.HAL_UART_TxCpltCallback  stm32f1xx_hal_uart.o
    0x08003618   0x08003618   0x00000002   Code   RO          258    i.HardFault_Handler  stm32f1xx_it.o
    0x0800361a   0x0800361a   0x00000002   PAD
    0x0800361c   0x0800361c   0x000000d8   Code   RO          140    i.MX_TIM1_Init      main.o
    0x080036f4   0x080036f4   0x00000002   Code   RO          259    i.MemManage_Handler  stm32f1xx_it.o
    0x080036f6   0x080036f6   0x00000002   Code   RO          260    i.NMI_Handler       stm32f1xx_it.o
    0x080036f8   0x080036f8   0x00000002   Code   RO          261    i.PendSV_Handler    stm32f1xx_it.o
    0x080036fa   0x080036fa   0x00000002   PAD
    0x080036fc   0x080036fc   0x0000014c   Code   RO          141    i.Run               main.o
    0x08003848   0x08003848   0x00000002   Code   RO          262    i.SVC_Handler       stm32f1xx_it.o
    0x0800384a   0x0800384a   0x00000004   Code   RO          263    i.SysTick_Handler   stm32f1xx_it.o
    0x0800384e   0x0800384e   0x00000050   Code   RO          142    i.SystemClock_Config  main.o
    0x0800389e   0x0800389e   0x00000002   Code   RO         2753    i.SystemInit        system_stm32f1xx.o
    0x080038a0   0x080038a0   0x00000078   Code   RO          534    i.TIM_Base_SetConfig  stm32f1xx_hal_tim.o
    0x08003918   0x08003918   0x0000001a   Code   RO          535    i.TIM_CCxChannelCmd  stm32f1xx_hal_tim.o
    0x08003932   0x08003932   0x00000014   Code   RO          545    i.TIM_ETR_SetConfig  stm32f1xx_hal_tim.o
    0x08003946   0x08003946   0x00000010   Code   RO          546    i.TIM_ITRx_SetConfig  stm32f1xx_hal_tim.o
    0x08003956   0x08003956   0x00000002   PAD
    0x08003958   0x08003958   0x00000050   Code   RO          547    i.TIM_OC1_SetConfig  stm32f1xx_hal_tim.o
    0x080039a8   0x080039a8   0x00000058   Code   RO          548    i.TIM_OC2_SetConfig  stm32f1xx_hal_tim.o
    0x08003a00   0x08003a00   0x00000058   Code   RO          549    i.TIM_OC3_SetConfig  stm32f1xx_hal_tim.o
    0x08003a58   0x08003a58   0x00000044   Code   RO          550    i.TIM_OC4_SetConfig  stm32f1xx_hal_tim.o
    0x08003a9c   0x08003a9c   0x00000022   Code   RO          552    i.TIM_TI1_ConfigInputStage  stm32f1xx_hal_tim.o
    0x08003abe   0x08003abe   0x00000024   Code   RO          554    i.TIM_TI2_ConfigInputStage  stm32f1xx_hal_tim.o
    0x08003ae2   0x08003ae2   0x00000010   Code   RO         2432    i.UART_DMAAbortOnError  stm32f1xx_hal_uart.o
    0x08003af2   0x08003af2   0x0000004e   Code   RO         2442    i.UART_EndRxTransfer  stm32f1xx_hal_uart.o
    0x08003b40   0x08003b40   0x000000c2   Code   RO         2444    i.UART_Receive_IT   stm32f1xx_hal_uart.o
    0x08003c02   0x08003c02   0x00000002   PAD
    0x08003c04   0x08003c04   0x000000b8   Code   RO         2445    i.UART_SetConfig    stm32f1xx_hal_uart.o
    0x08003cbc   0x08003cbc   0x00000072   Code   RO         2448    i.UART_WaitOnFlagUntilTimeout  stm32f1xx_hal_uart.o
    0x08003d2e   0x08003d2e   0x00000002   PAD
    0x08003d30   0x08003d30   0x0000000c   Code   RO          264    i.USART2_IRQHandler  stm32f1xx_it.o
    0x08003d3c   0x08003d3c   0x00000002   Code   RO          265    i.UsageFault_Handler  stm32f1xx_it.o
    0x08003d3e   0x08003d3e   0x00000028   Code   RO         2985    i.__ARM_fpclassify  m_ws.l(fpclassify.o)
    0x08003d66   0x08003d66   0x00000020   Code   RO         1902    i.__NVIC_SetPriority  stm32f1xx_hal_cortex.o
    0x08003d86   0x08003d86   0x00000002   PAD
    0x08003d88   0x08003d88   0x00000388   Code   RO         2990    i.__ieee754_rem_pio2  m_ws.l(rred.o)
    0x08004110   0x08004110   0x000000fc   Code   RO         2968    i.__kernel_cos      m_ws.l(cos_i.o)
    0x0800420c   0x0800420c   0x000000aa   Code   RO         2987    i.__kernel_poly     m_ws.l(poly.o)
    0x080042b6   0x080042b6   0x00000002   PAD
    0x080042b8   0x080042b8   0x000000ec   Code   RO         2995    i.__kernel_sin      m_ws.l(sin_i.o)
    0x080043a4   0x080043a4   0x00000010   Code   RO         2971    i.__mathlib_dbl_divzero  m_ws.l(dunder.o)
    0x080043b4   0x080043b4   0x00000006   Code   RO         2972    i.__mathlib_dbl_infnan  m_ws.l(dunder.o)
    0x080043ba   0x080043ba   0x00000004   Code   RO         2973    i.__mathlib_dbl_infnan2  m_ws.l(dunder.o)
    0x080043be   0x080043be   0x0000000c   Code   RO         2974    i.__mathlib_dbl_invalid  m_ws.l(dunder.o)
    0x080043ca   0x080043ca   0x0000000e   Code   RO         2975    i.__mathlib_dbl_overflow  m_ws.l(dunder.o)
    0x080043d8   0x080043d8   0x00000010   Code   RO         2977    i.__mathlib_dbl_underflow  m_ws.l(dunder.o)
    0x080043e8   0x080043e8   0x00000010   Code   RO         3084    i.__mathlib_narrow  m_ws.l(narrow.o)
    0x080043f8   0x080043f8   0x000000bc   Code   RO         3085    i.__mathlib_tofloat  m_ws.l(narrow.o)
    0x080044b4   0x080044b4   0x00000016   Code   RO         3180    i.__support_ldexp   m_ws.l(ldexp.o)
    0x080044ca   0x080044ca   0x0000000e   Code   RO         2807    i._is_digit         c_w.l(__printf_wp.o)
    0x080044d8   0x080044d8   0x0000027c   Code   RO         2872    i.acos              m_ws.l(acos.o)
    0x08004754   0x08004754   0x00000220   Code   RO         2882    i.atan              m_ws.l(atan.o)
    0x08004974   0x08004974   0x00000124   Code   RO          143    i.checkTheTa1       main.o
    0x08004a98   0x08004a98   0x0000009c   Code   RO         2892    i.cos               m_ws.l(cos.o)
    0x08004b34   0x08004b34   0x0000035c   Code   RO          144    i.dongHocNghich     main.o
    0x08004e90   0x08004e90   0x0000010c   Code   RO          145    i.dongHocThuan      main.o
    0x08004f9c   0x08004f9c   0x00000058   Code   RO         3161    i.frexp             m_ws.l(frexp.o)
    0x08004ff4   0x08004ff4   0x00000024   Code   RO          146    i.guiDuLieu_ERROR   main.o
    0x08005018   0x08005018   0x00000070   Code   RO          147    i.guiDuLieu_N       main.o
    0x08005088   0x08005088   0x0000004c   Code   RO          148    i.guiDuLieu_T       main.o
    0x080050d4   0x080050d4   0x00000028   Code   RO          149    i.guiDuLieu_ketThuc  main.o
    0x080050fc   0x080050fc   0x00000074   Code   RO         3181    i.ldexp             m_ws.l(ldexp.o)
    0x08005170   0x08005170   0x00000158   Code   RO          150    i.main              main.o
    0x080052c8   0x080052c8   0x000009d8   Code   RO         2900    i.pow               m_ws.l(pow.o)
    0x08005ca0   0x08005ca0   0x00000094   Code   RO         2909    i.round             m_ws.l(round.o)
    0x08005d34   0x08005d34   0x00000028   Code   RO          151    i.run_home          main.o
    0x08005d5c   0x08005d5c   0x00000034   Code   RO           13    i.servo1Write       servo.o
    0x08005d90   0x08005d90   0x00000034   Code   RO           14    i.servo2Write       servo.o
    0x08005dc4   0x08005dc4   0x000000a0   Code   RO         2912    i.sin               m_ws.l(sin.o)
    0x08005e64   0x08005e64   0x0000004c   Code   RO         2920    i.sqrt              m_ws.l(sqrt.o)
    0x08005eb0   0x08005eb0   0x00000064   Code   RO          152    i.xuLyDuLieu        main.o
    0x08005f14   0x08005f14   0x0000002c   Code   RO         3062    locale$$code        c_w.l(lc_numeric_c.o)
    0x08005f40   0x08005f40   0x0000002c   Code   RO         3171    locale$$code        c_w.l(lc_ctype_c.o)
    0x08005f6c   0x08005f6c   0x00000062   Code   RO         2829    x$fpl$d2f           fz_ws.l(d2f.o)
    0x08005fce   0x08005fce   0x00000002   PAD
    0x08005fd0   0x08005fd0   0x00000150   Code   RO         2831    x$fpl$dadd          fz_ws.l(daddsub_clz.o)
    0x08006120   0x08006120   0x00000010   Code   RO         3064    x$fpl$dcheck1       fz_ws.l(dcheck1.o)
    0x08006130   0x08006130   0x00000018   Code   RO         3066    x$fpl$dcmpinf       fz_ws.l(dcmpi.o)
    0x08006148   0x08006148   0x000002b0   Code   RO         2838    x$fpl$ddiv          fz_ws.l(ddiv.o)
    0x080063f8   0x080063f8   0x00000078   Code   RO         3156    x$fpl$deqf          fz_ws.l(deqf.o)
    0x08006470   0x08006470   0x0000005e   Code   RO         3068    x$fpl$dfix          fz_ws.l(dfix.o)
    0x080064ce   0x080064ce   0x0000002e   Code   RO         2944    x$fpl$dflt          fz_ws.l(dflt_clz.o)
    0x080064fc   0x080064fc   0x00000026   Code   RO         2943    x$fpl$dfltu         fz_ws.l(dflt_clz.o)
    0x08006522   0x08006522   0x00000002   PAD
    0x08006524   0x08006524   0x00000078   Code   RO         2949    x$fpl$dleqf         fz_ws.l(dleqf.o)
    0x0800659c   0x0800659c   0x00000154   Code   RO         2841    x$fpl$dmul          fz_ws.l(dmul.o)
    0x080066f0   0x080066f0   0x0000009c   Code   RO         2951    x$fpl$dnaninf       fz_ws.l(dnaninf.o)
    0x0800678c   0x0800678c   0x0000000c   Code   RO         2953    x$fpl$dretinf       fz_ws.l(dretinf.o)
    0x08006798   0x08006798   0x0000006c   Code   RO         2843    x$fpl$drleqf        fz_ws.l(drleqf.o)
    0x08006804   0x08006804   0x000000b4   Code   RO         2955    x$fpl$drnd          fz_ws.l(drnd.o)
    0x080068b8   0x080068b8   0x00000016   Code   RO         2832    x$fpl$drsb          fz_ws.l(daddsub_clz.o)
    0x080068ce   0x080068ce   0x00000002   PAD
    0x080068d0   0x080068d0   0x000001cc   Code   RO         2957    x$fpl$dsqrt         fz_ws.l(dsqrt_noumaal.o)
    0x08006a9c   0x08006a9c   0x000001d4   Code   RO         2833    x$fpl$dsub          fz_ws.l(daddsub_clz.o)
    0x08006c70   0x08006c70   0x00000056   Code   RO         2845    x$fpl$f2d           fz_ws.l(f2d.o)
    0x08006cc6   0x08006cc6   0x00000002   PAD
    0x08006cc8   0x08006cc8   0x000000c4   Code   RO         2847    x$fpl$fadd          fz_ws.l(faddsub_clz.o)
    0x08006d8c   0x08006d8c   0x00000018   Code   RO         2959    x$fpl$fcmpinf       fz_ws.l(fcmpi.o)
    0x08006da4   0x08006da4   0x00000184   Code   RO         2854    x$fpl$fdiv          fz_ws.l(fdiv.o)
    0x08006f28   0x08006f28   0x0000003e   Code   RO         2857    x$fpl$ffixu         fz_ws.l(ffixu.o)
    0x08006f66   0x08006f66   0x00000002   PAD
    0x08006f68   0x08006f68   0x00000068   Code   RO         2861    x$fpl$fleqf         fz_ws.l(fleqf.o)
    0x08006fd0   0x08006fd0   0x00000102   Code   RO         2863    x$fpl$fmul          fz_ws.l(fmul.o)
    0x080070d2   0x080070d2   0x0000008c   Code   RO         2961    x$fpl$fnaninf       fz_ws.l(fnaninf.o)
    0x0800715e   0x0800715e   0x0000000a   Code   RO         2963    x$fpl$fretinf       fz_ws.l(fretinf.o)
    0x08007168   0x08007168   0x00000062   Code   RO         2865    x$fpl$frleqf        fz_ws.l(frleqf.o)
    0x080071ca   0x080071ca   0x00000014   Code   RO         2848    x$fpl$frsb          fz_ws.l(faddsub_clz.o)
    0x080071de   0x080071de   0x00000002   PAD
    0x080071e0   0x080071e0   0x000000ea   Code   RO         2849    x$fpl$fsub          fz_ws.l(faddsub_clz.o)
    0x080072ca   0x080072ca   0x00000006   Code   RO         3076    x$fpl$ieeestatus    fz_ws.l(istatus.o)
    0x080072d0   0x080072d0   0x00000004   Code   RO         2867    x$fpl$printf1       fz_ws.l(printf1.o)
    0x080072d4   0x080072d4   0x00000064   Code   RO         3158    x$fpl$retnan        fz_ws.l(retnan.o)
    0x08007338   0x08007338   0x0000005c   Code   RO         2965    x$fpl$scalbn        fz_ws.l(scalbn.o)
    0x08007394   0x08007394   0x00000004   Code   RO         2869    x$fpl$scanf1        fz_ws.l(scanf1.o)
    0x08007398   0x08007398   0x00000008   Code   RO         3078    x$fpl$scanf2        fz_ws.l(scanf2.o)
    0x080073a0   0x080073a0   0x00000030   Code   RO         3177    x$fpl$trapveneer    fz_ws.l(trapv.o)
    0x080073d0   0x080073d0   0x00000000   Code   RO         2967    x$fpl$usenofp       fz_ws.l(usenofp.o)
    0x080073d0   0x080073d0   0x0000000a   Data   RO          156    .constdata          main.o
    0x080073da   0x080073da   0x00000012   Data   RO         1600    .constdata          stm32f1xx_hal_rcc.o
    0x080073ec   0x080073ec   0x00000010   Data   RO         2754    .constdata          system_stm32f1xx.o
    0x080073fc   0x080073fc   0x00000008   Data   RO         2755    .constdata          system_stm32f1xx.o
    0x08007404   0x08007404   0x00000004   PAD
    0x08007408   0x08007408   0x00000050   Data   RO         2873    .constdata          m_ws.l(acos.o)
    0x08007458   0x08007458   0x00000098   Data   RO         2883    .constdata          m_ws.l(atan.o)
    0x080074f0   0x080074f0   0x00000088   Data   RO         2901    .constdata          m_ws.l(pow.o)
    0x08007578   0x08007578   0x00000030   Data   RO         2969    .constdata          m_ws.l(cos_i.o)
    0x080075a8   0x080075a8   0x00000008   Data   RO         2989    .constdata          m_ws.l(qnan.o)
    0x080075b0   0x080075b0   0x000000c8   Data   RO         2992    .constdata          m_ws.l(rred.o)
    0x08007678   0x08007678   0x00000028   Data   RO         2996    .constdata          m_ws.l(sin_i.o)
    0x080076a0   0x080076a0   0x00000094   Data   RO         3037    .constdata          c_w.l(bigflt0.o)
    0x08007734   0x08007734   0x00000020   Data   RO         3266    Region$$Table       anon$$obj.o
    0x08007754   0x08007754   0x00000008   Data   RO         3072    c$$dinf             fz_ws.l(fpconst.o)
    0x0800775c   0x0800775c   0x00000008   Data   RO         3075    c$$dmax             fz_ws.l(fpconst.o)
    0x08007764   0x08007764   0x0000001c   Data   RO         3061    locale$$data        c_w.l(lc_numeric_c.o)
    0x08007780   0x08007780   0x00000110   Data   RO         3170    locale$$data        c_w.l(lc_ctype_c.o)


    Execution Region RW_IRAM1 (Exec base: 0x20000000, Load base: 0x08007890, Size: 0x00000790, Max: 0x00005000, ABSOLUTE)

    Exec Addr    Load Addr    Size         Type   Attr      Idx    E Section Name        Object

    0x20000000   0x08007890   0x00000038   Data   RW          157    .data               main.o
    0x20000038   0x080078c8   0x0000000c   Data   RW         1437    .data               stm32f1xx_hal.o
    0x20000044   0x080078d4   0x00000004   Data   RW         2756    .data               system_stm32f1xx.o
    0x20000048        -       0x0000009e   Zero   RW          153    .bss                main.o
    0x200000e6   0x080078d8   0x00000002   PAD
    0x200000e8        -       0x00000044   Zero   RW          154    .bss                main.o
    0x2000012c        -       0x00000060   Zero   RW         3091    .bss                c_w.l(libspace.o)
    0x2000018c   0x080078d8   0x00000004   PAD
    0x20000190        -       0x00000200   Zero   RW            2    HEAP                startup_stm32f103xb.o
    0x20000390        -       0x00000400   Zero   RW            1    STACK               startup_stm32f103xb.o


==============================================================================

Image component sizes


      Code (inc. data)   RO Data    RW Data    ZI Data      Debug   Object Name

      2820        278         10         56        226      10557   main.o
       104         28          0          0          0     426344   servo.o
        64         26        236          0       1536        788   startup_stm32f103xb.o
       164         28          0         12          0       5729   stm32f1xx_hal.o
       198         14          0          0          0      28815   stm32f1xx_hal_cortex.o
       654         36          0          0          0       3283   stm32f1xx_hal_dma.o
       504         40          0          0          0       2791   stm32f1xx_hal_gpio.o
       360         52          0          0          0       2798   stm32f1xx_hal_msp.o
      1240         84         18          0          0       4992   stm32f1xx_hal_rcc.o
      1338         44          0          0          0      11992   stm32f1xx_hal_tim.o
       188         12          0          0          0       2084   stm32f1xx_hal_tim_ex.o
      1650         10          0          0          0      10895   stm32f1xx_hal_uart.o
        50         12          0          0          0       4936   stm32f1xx_it.o
         2          0         24          4          0       1055   system_stm32f1xx.o

    ----------------------------------------------------------------------
      9356        664        324         72       1764     517059   Object Totals
         0          0         32          0          0          0   (incl. Generated)
        20          0          4          0          2          0   (incl. Padding)

    ----------------------------------------------------------------------

      Code (inc. data)   RO Data    RW Data    ZI Data      Debug   Library Member Name

        60          8          0          0          0         84   __0sscanf.o
         8          0          0          0          0         68   __main.o
       284          0          0          0          0        156   __printf_wp.o
         0          0          0          0          0          0   __rtentry.o
        12          0          0          0          0          0   __rtentry2.o
         6          0          0          0          0          0   __rtentry4.o
        52          8          0          0          0          0   __scatter.o
        26          0          0          0          0          0   __scatter_copy.o
        28          0          0          0          0          0   __scatter_zi.o
        28          0          0          0          0         68   _chval.o
        48          6          0          0          0         96   _printf_char_common.o
         6          0          0          0          0          0   _printf_f.o
      1054          0          0          0          0        216   _printf_fp_dec.o
       128         16          0          0          0         84   _printf_fp_infnan.o
         0          0          0          0          0          0   _printf_percent.o
         4          0          0          0          0          0   _printf_percent_end.o
        22          0          0          0          0        100   _rserrno.o
       884          4          0          0          0        100   _scanf.o
       224          0          0          0          0         96   _scanf_str.o
        64          0          0          0          0         84   _sgetc.o
        10          0          0          0          0         68   _sputc.o
       228          4        148          0          0         96   bigflt0.o
      2152        136          0          0          0        960   btod.o
        18          0          0          0          0         80   exit.o
         6          0          0          0          0        152   heapauxi.o
         0          0          0          0          0          0   indicate_semi.o
        18          0          0          0          0         76   isspace.o
        44         10        272          0          0         76   lc_ctype_c.o
        44         10         28          0          0         76   lc_numeric_c.o
         2          0          0          0          0          0   libinit.o
        30          0          0          0          0          0   libinit2.o
         2          0          0          0          0          0   libshutdown.o
         2          0          0          0          0          0   libshutdown2.o
         8          4          0          0         96         68   libspace.o
        38          0          0          0          0         68   llshl.o
       138          0          0          0          0         80   lludiv10.o
        40          6          0          0          0         84   noretval__2sprintf.o
        16          4          0          0          0         76   rt_ctype_table.o
         8          4          0          0          0         68   rt_errno_addr_intlibspace.o
         8          4          0          0          0         68   rt_locale_intlibspace.o
        78          0          0          0          0         80   rt_memclr_w.o
         2          0          0          0          0          0   rtexit.o
        10          0          0          0          0          0   rtexit2.o
        44          8          0          0          0         84   scanf_char.o
      1272         16          0          0          0        168   scanf_fp.o
       800         14          0          0          0        100   scanf_hexfp.o
       308         16          0          0          0        100   scanf_infnan.o
       128          0          0          0          0         68   strcmpv7m.o
        12          4          0          0          0         68   sys_exit.o
        74          0          0          0          0         80   sys_stackheap_outer.o
         2          0          0          0          0         68   use_no_semi.o
        98          4          0          0          0         92   d2f.o
       826         16          0          0          0        348   daddsub_clz.o
        16          4          0          0          0         68   dcheck1.o
        24          0          0          0          0         68   dcmpi.o
       688        140          0          0          0        208   ddiv.o
       120          4          0          0          0         92   deqf.o
        94          4          0          0          0         92   dfix.o
        84          0          0          0          0        136   dflt_clz.o
       120          4          0          0          0         92   dleqf.o
       340         12          0          0          0        104   dmul.o
       156          4          0          0          0         92   dnaninf.o
        12          0          0          0          0         68   dretinf.o
       108          0          0          0          0         80   drleqf.o
       180          4          0          0          0         80   drnd.o
       460         56          0          0          0        120   dsqrt_noumaal.o
        86          4          0          0          0         84   f2d.o
       450          8          0          0          0        236   faddsub_clz.o
        24          0          0          0          0         68   fcmpi.o
       388         76          0          0          0         96   fdiv.o
        62          4          0          0          0         84   ffixu.o
       104          4          0          0          0         84   fleqf.o
       258          4          0          0          0         84   fmul.o
       140          4          0          0          0         84   fnaninf.o
         0          0         16          0          0          0   fpconst.o
        10          0          0          0          0         68   fretinf.o
        98          0          0          0          0         68   frleqf.o
         6          0          0          0          0         68   istatus.o
         4          0          0          0          0         68   printf1.o
       100          0          0          0          0         68   retnan.o
        92          0          0          0          0         68   scalbn.o
         4          0          0          0          0         68   scanf1.o
         8          0          0          0          0         84   scanf2.o
        48          0          0          0          0         68   trapv.o
         0          0          0          0          0          0   usenofp.o
       636         62         80          0          0        188   acos.o
       544         70        152          0          0        124   atan.o
       156          8          0          0          0        104   cos.o
       252         22         48          0          0        124   cos_i.o
        68         10          0          0          0        408   dunder.o
        40          0          0          0          0         68   fpclassify.o
        88          8          0          0          0         76   frexp.o
       138          0          0          0          0        160   ldexp.o
       204          4          0          0          0        168   narrow.o
       170          0          0          0          0         96   poly.o
      2520        190        136          0          0        324   pow.o
         0          0          8          0          0          0   qnan.o
       148         12          0          0          0         88   round.o
       904         76        200          0          0        140   rred.o
       160         10          0          0          0        108   sin.o
       236         12         40          0          0        128   sin_i.o
        76          0          0          0          0         84   sqrt.o

    ----------------------------------------------------------------------
     20056       1124       1128          0        100       9640   Library Totals
        28          2          0          0          4          0   (incl. Padding)

    ----------------------------------------------------------------------

      Code (inc. data)   RO Data    RW Data    ZI Data      Debug   Library Name

      8480        282        448          0         96       4064   c_w.l
      5208        356         16          0          0       3188   fz_ws.l
      6340        484        664          0          0       2388   m_ws.l

    ----------------------------------------------------------------------
     20056       1124       1128          0        100       9640   Library Totals

    ----------------------------------------------------------------------

==============================================================================


      Code (inc. data)   RO Data    RW Data    ZI Data      Debug   

     29412       1788       1452         72       1864     517127   Grand Totals
     29412       1788       1452         72       1864     517127   ELF Image Totals
     29412       1788       1452         72          0          0   ROM Totals

==============================================================================

    Total RO  Size (Code + RO Data)                30864 (  30.14kB)
    Total RW  Size (RW Data + ZI Data)              1936 (   1.89kB)
    Total ROM Size (Code + RO Data + RW Data)      30936 (  30.21kB)

==============================================================================

